Archive member included to satisfy reference by file (symbol)

/usr/lib/gcc/arm-none-eabi/4.9.3/../../../arm-none-eabi/lib/armv7e-m/fpu/libm.a(lib_a-s_atan.o)
                              build/src/gimbal_proc.o (atan)
/usr/lib/gcc/arm-none-eabi/4.9.3/../../../arm-none-eabi/lib/armv7e-m/fpu/libm.a(lib_a-s_fabs.o)
                              /usr/lib/gcc/arm-none-eabi/4.9.3/../../../arm-none-eabi/lib/armv7e-m/fpu/libm.a(lib_a-s_atan.o) (fabs)
/usr/lib/gcc/arm-none-eabi/4.9.3/../../../arm-none-eabi/lib/armv7e-m/fpu/libm.a(lib_a-w_pow.o)
                              build/src/gimbal_proc.o (pow)
/usr/lib/gcc/arm-none-eabi/4.9.3/../../../arm-none-eabi/lib/armv7e-m/fpu/libm.a(lib_a-w_sqrt.o)
                              build/src/gimbal_proc.o (sqrt)
/usr/lib/gcc/arm-none-eabi/4.9.3/../../../arm-none-eabi/lib/armv7e-m/fpu/libm.a(lib_a-wf_pow.o)
                              build/src/gimbal_usart.o (powf)
/usr/lib/gcc/arm-none-eabi/4.9.3/../../../arm-none-eabi/lib/armv7e-m/fpu/libm.a(lib_a-e_pow.o)
                              /usr/lib/gcc/arm-none-eabi/4.9.3/../../../arm-none-eabi/lib/armv7e-m/fpu/libm.a(lib_a-w_pow.o) (__ieee754_pow)
/usr/lib/gcc/arm-none-eabi/4.9.3/../../../arm-none-eabi/lib/armv7e-m/fpu/libm.a(lib_a-e_sqrt.o)
                              /usr/lib/gcc/arm-none-eabi/4.9.3/../../../arm-none-eabi/lib/armv7e-m/fpu/libm.a(lib_a-w_sqrt.o) (__ieee754_sqrt)
/usr/lib/gcc/arm-none-eabi/4.9.3/../../../arm-none-eabi/lib/armv7e-m/fpu/libm.a(lib_a-ef_pow.o)
                              /usr/lib/gcc/arm-none-eabi/4.9.3/../../../arm-none-eabi/lib/armv7e-m/fpu/libm.a(lib_a-wf_pow.o) (__ieee754_powf)
/usr/lib/gcc/arm-none-eabi/4.9.3/../../../arm-none-eabi/lib/armv7e-m/fpu/libm.a(lib_a-ef_sqrt.o)
                              /usr/lib/gcc/arm-none-eabi/4.9.3/../../../arm-none-eabi/lib/armv7e-m/fpu/libm.a(lib_a-ef_pow.o) (__ieee754_sqrtf)
/usr/lib/gcc/arm-none-eabi/4.9.3/../../../arm-none-eabi/lib/armv7e-m/fpu/libm.a(lib_a-s_finite.o)
                              /usr/lib/gcc/arm-none-eabi/4.9.3/../../../arm-none-eabi/lib/armv7e-m/fpu/libm.a(lib_a-w_pow.o) (finite)
/usr/lib/gcc/arm-none-eabi/4.9.3/../../../arm-none-eabi/lib/armv7e-m/fpu/libm.a(lib_a-s_fpclassify.o)
                              /usr/lib/gcc/arm-none-eabi/4.9.3/../../../arm-none-eabi/lib/armv7e-m/fpu/libm.a(lib_a-w_pow.o) (__fpclassifyd)
/usr/lib/gcc/arm-none-eabi/4.9.3/../../../arm-none-eabi/lib/armv7e-m/fpu/libm.a(lib_a-s_lib_ver.o)
                              /usr/lib/gcc/arm-none-eabi/4.9.3/../../../arm-none-eabi/lib/armv7e-m/fpu/libm.a(lib_a-w_pow.o) (__fdlib_version)
/usr/lib/gcc/arm-none-eabi/4.9.3/../../../arm-none-eabi/lib/armv7e-m/fpu/libm.a(lib_a-s_matherr.o)
                              /usr/lib/gcc/arm-none-eabi/4.9.3/../../../arm-none-eabi/lib/armv7e-m/fpu/libm.a(lib_a-w_pow.o) (matherr)
/usr/lib/gcc/arm-none-eabi/4.9.3/../../../arm-none-eabi/lib/armv7e-m/fpu/libm.a(lib_a-s_nan.o)
                              /usr/lib/gcc/arm-none-eabi/4.9.3/../../../arm-none-eabi/lib/armv7e-m/fpu/libm.a(lib_a-e_pow.o) (nan)
/usr/lib/gcc/arm-none-eabi/4.9.3/../../../arm-none-eabi/lib/armv7e-m/fpu/libm.a(lib_a-s_rint.o)
                              /usr/lib/gcc/arm-none-eabi/4.9.3/../../../arm-none-eabi/lib/armv7e-m/fpu/libm.a(lib_a-w_pow.o) (rint)
/usr/lib/gcc/arm-none-eabi/4.9.3/../../../arm-none-eabi/lib/armv7e-m/fpu/libm.a(lib_a-s_scalbn.o)
                              /usr/lib/gcc/arm-none-eabi/4.9.3/../../../arm-none-eabi/lib/armv7e-m/fpu/libm.a(lib_a-e_pow.o) (scalbn)
/usr/lib/gcc/arm-none-eabi/4.9.3/../../../arm-none-eabi/lib/armv7e-m/fpu/libm.a(lib_a-sf_fabs.o)
                              /usr/lib/gcc/arm-none-eabi/4.9.3/../../../arm-none-eabi/lib/armv7e-m/fpu/libm.a(lib_a-ef_pow.o) (fabsf)
/usr/lib/gcc/arm-none-eabi/4.9.3/../../../arm-none-eabi/lib/armv7e-m/fpu/libm.a(lib_a-sf_finite.o)
                              /usr/lib/gcc/arm-none-eabi/4.9.3/../../../arm-none-eabi/lib/armv7e-m/fpu/libm.a(lib_a-wf_pow.o) (finitef)
/usr/lib/gcc/arm-none-eabi/4.9.3/../../../arm-none-eabi/lib/armv7e-m/fpu/libm.a(lib_a-sf_fpclassify.o)
                              /usr/lib/gcc/arm-none-eabi/4.9.3/../../../arm-none-eabi/lib/armv7e-m/fpu/libm.a(lib_a-wf_pow.o) (__fpclassifyf)
/usr/lib/gcc/arm-none-eabi/4.9.3/../../../arm-none-eabi/lib/armv7e-m/fpu/libm.a(lib_a-sf_nan.o)
                              /usr/lib/gcc/arm-none-eabi/4.9.3/../../../arm-none-eabi/lib/armv7e-m/fpu/libm.a(lib_a-ef_pow.o) (nanf)
/usr/lib/gcc/arm-none-eabi/4.9.3/../../../arm-none-eabi/lib/armv7e-m/fpu/libm.a(lib_a-sf_scalbn.o)
                              /usr/lib/gcc/arm-none-eabi/4.9.3/../../../arm-none-eabi/lib/armv7e-m/fpu/libm.a(lib_a-ef_pow.o) (scalbnf)
/usr/lib/gcc/arm-none-eabi/4.9.3/../../../arm-none-eabi/lib/armv7e-m/fpu/libm.a(lib_a-s_copysign.o)
                              /usr/lib/gcc/arm-none-eabi/4.9.3/../../../arm-none-eabi/lib/armv7e-m/fpu/libm.a(lib_a-s_scalbn.o) (copysign)
[...]
Memory Configuration

Name             Origin             Length             Attributes
FLASH            0x0000000008000000 0x0000000000100000 xr
RAM              0x0000000020000000 0x0000000000020000 xrw
CCMRAM           0x0000000010000000 0x0000000000010000 xrw
MEMORY_B1        0x0000000060000000 0x0000000000000000 xr
*default*        0x0000000000000000 0xffffffffffffffff

Linker script and memory map

LOAD /usr/lib/gcc/arm-none-eabi/4.9.3/armv7e-m/fpu/crti.o
LOAD /usr/lib/gcc/arm-none-eabi/4.9.3/armv7e-m/fpu/crtbegin.o
LOAD /usr/lib/gcc/arm-none-eabi/4.9.3/../../../arm-none-eabi/lib/armv7e-m/fpu/crt0.o
LOAD build/src/gimbal_mpu6050.o
LOAD build/src/gimbal_proc.o
LOAD build/src/gimbal_filter.o
LOAD build/src/gimbal_usart.o
LOAD build/src/syscalls.o
LOAD build/src/gimbal_ctr.o
LOAD build/src/gimbal_tim.o
LOAD build/src/main.o
LOAD build/src/stm32f4xx_it.o
LOAD build/src/system_stm32f4xx.o
LOAD build/lib/FreeRTOS/queue.o
LOAD build/lib/FreeRTOS/croutine.o
LOAD build/lib/FreeRTOS/list.o
LOAD build/lib/FreeRTOS/event_groups.o
LOAD build/lib/FreeRTOS/tasks.o
LOAD build/lib/FreeRTOS/timers.o
LOAD build/lib/FreeRTOS/portable/port.o
LOAD build/lib/FreeRTOS/portable/MemMang/heap_3.o
LOAD build/lib/STM32F4xx_StdPeriph_Driver/src/stm32f4xx_gpio.o
LOAD build/lib/STM32F4xx_StdPeriph_Driver/src/stm32f4xx_flash_ramfunc.o
LOAD build/lib/STM32F4xx_StdPeriph_Driver/src/stm32f4xx_hash_sha1.o
LOAD build/lib/STM32F4xx_StdPeriph_Driver/src/stm32f4xx_fmpi2c.o
LOAD build/lib/STM32F4xx_StdPeriph_Driver/src/stm32f4xx_exti.o
LOAD build/lib/STM32F4xx_StdPeriph_Driver/src/stm32f4xx_sai.o
LOAD build/lib/STM32F4xx_StdPeriph_Driver/src/stm32f4xx_dcmi.o
LOAD build/lib/STM32F4xx_StdPeriph_Driver/src/stm32f4xx_fsmc.o
LOAD build/lib/STM32F4xx_StdPeriph_Driver/src/stm32f4xx_flash.o
LOAD build/lib/STM32F4xx_StdPeriph_Driver/src/stm32f4xx_cryp_tdes.o
LOAD build/lib/STM32F4xx_StdPeriph_Driver/src/stm32f4xx_dma.o
LOAD build/lib/STM32F4xx_StdPeriph_Driver/src/stm32f4xx_dbgmcu.o
LOAD build/lib/STM32F4xx_StdPeriph_Driver/src/stm32f4xx_hash.o
LOAD build/lib/STM32F4xx_StdPeriph_Driver/src/stm32f4xx_spdifrx.o
LOAD build/lib/STM32F4xx_StdPeriph_Driver/src/stm32f4xx_dac.o
LOAD build/lib/STM32F4xx_StdPeriph_Driver/src/stm32f4xx_can.o
LOAD build/lib/STM32F4xx_StdPeriph_Driver/src/stm32f4xx_rtc.o
LOAD build/lib/STM32F4xx_StdPeriph_Driver/src/stm32f4xx_pwr.o
LOAD build/lib/STM32F4xx_StdPeriph_Driver/src/stm32f4xx_spi.o
LOAD build/lib/STM32F4xx_StdPeriph_Driver/src/stm32f4xx_qspi.o
LOAD build/lib/STM32F4xx_StdPeriph_Driver/src/stm32f4xx_i2c.o
LOAD build/lib/STM32F4xx_StdPeriph_Driver/src/stm32f4xx_rcc.o
LOAD build/lib/STM32F4xx_StdPeriph_Driver/src/stm32f4xx_iwdg.o
LOAD build/lib/STM32F4xx_StdPeriph_Driver/src/stm32f4xx_ltdc.o
LOAD build/lib/STM32F4xx_StdPeriph_Driver/src/stm32f4xx_dma2d.o
LOAD build/lib/STM32F4xx_StdPeriph_Driver/src/misc.o
LOAD build/lib/STM32F4xx_StdPeriph_Driver/src/stm32f4xx_sdio.o
LOAD build/lib/STM32F4xx_StdPeriph_Driver/src/stm32f4xx_syscfg.o
LOAD build/lib/STM32F4xx_StdPeriph_Driver/src/stm32f4xx_cryp_des.o
LOAD build/lib/STM32F4xx_StdPeriph_Driver/src/stm32f4xx_crc.o
LOAD build/lib/STM32F4xx_StdPeriph_Driver/src/stm32f4xx_usart.o
LOAD build/lib/STM32F4xx_StdPeriph_Driver/src/stm32f4xx_dsi.o
LOAD build/lib/STM32F4xx_StdPeriph_Driver/src/stm32f4xx_hash_md5.o
LOAD build/lib/STM32F4xx_StdPeriph_Driver/src/stm32f4xx_cryp_aes.o
LOAD build/lib/STM32F4xx_StdPeriph_Driver/src/stm32f4xx_cec.o
LOAD build/lib/STM32F4xx_StdPeriph_Driver/src/stm32f4xx_cryp.o
LOAD build/lib/STM32F4xx_StdPeriph_Driver/src/stm32f4xx_rng.o
LOAD build/lib/STM32F4xx_StdPeriph_Driver/src/stm32f4xx_wwdg.o
LOAD build/lib/STM32F4xx_StdPeriph_Driver/src/stm32f4xx_adc.o
LOAD build/lib/STM32F4xx_StdPeriph_Driver/src/stm32f4xx_lptim.o
LOAD build/lib/STM32F4xx_StdPeriph_Driver/src/stm32f4xx_tim.o
LOAD build/lib/CMSIS/Device/Source/startup_stm32f407xx.o
LOAD /usr/lib/gcc/arm-none-eabi/4.9.3/../../../arm-none-eabi/lib/armv7e-m/fpu/libstdc++.a
LOAD /usr/lib/gcc/arm-none-eabi/4.9.3/../../../arm-none-eabi/lib/armv7e-m/fpu/libm.a
START GROUP
LOAD /usr/lib/gcc/arm-none-eabi/4.9.3/armv7e-m/fpu/libgcc.a
LOAD /usr/lib/gcc/arm-none-eabi/4.9.3/../../../arm-none-eabi/lib/armv7e-m/fpu/libc.a
END GROUP
LOAD /usr/lib/gcc/arm-none-eabi/4.9.3/armv7e-m/fpu/crtend.o
LOAD /usr/lib/gcc/arm-none-eabi/4.9.3/armv7e-m/fpu/crtn.o
                0x0000000020020000                _estack = 0x20020000
                0x0000000000000000                _Min_Heap_Size = 0x0
                0x0000000000000400                _Min_Stack_Size = 0x400

.isr_vector     0x0000000008000000      0x188
                0x0000000008000000                . = ALIGN (0x4)
 *(.isr_vector)
 .isr_vector    0x0000000008000000      0x188 build/lib/CMSIS/Device/Source/startup_stm32f407xx.o
                0x0000000008000000                g_pfnVectors
                0x0000000008000188                . = ALIGN (0x4)

.text           0x0000000008000188     0x73d8
                0x0000000008000188                . = ALIGN (0x4)
 *(.text)
 .text          0x0000000008000188       0xa4 /usr/lib/gcc/arm-none-eabi/4.9.3/armv7e-m/fpu/crtbegin.o
 .text          0x000000000800022c      0x370 /usr/lib/gcc/arm-none-eabi/4.9.3/armv7e-m/fpu/libgcc.a(_arm_addsubdf3.o)
                0x000000000800022c                __aeabi_drsub
                0x0000000008000234                __aeabi_dsub
                0x0000000008000234                __subdf3
                0x0000000008000238                __adddf3
                0x0000000008000238                __aeabi_dadd
                0x00000000080004b0                __aeabi_ui2d
                0x00000000080004b0                __floatunsidf
                0x00000000080004d0                __floatsidf
                0x00000000080004d0                __aeabi_i2d
                0x00000000080004f4                __extendsfdf2
                0x00000000080004f4                __aeabi_f2d
                0x0000000008000530                __aeabi_ul2d
                0x0000000008000530                __floatundidf
                0x0000000008000540                __floatdidf
                0x0000000008000540                __aeabi_l2d
 .text          0x000000000800059c      0x424 /usr/lib/gcc/arm-none-eabi/4.9.3/armv7e-m/fpu/libgcc.a(_arm_muldivdf3.o)
                0x000000000800059c                __aeabi_dmul
                0x000000000800059c                __muldf3
                0x00000000080007f0                __aeabi_ddiv
                0x00000000080007f0                __divdf3
 .text          0x00000000080009c0      0x110 /usr/lib/gcc/arm-none-eabi/4.9.3/armv7e-m/fpu/libgcc.a(_arm_cmpdf2.o)
                0x00000000080009c0                __gtdf2
                0x00000000080009c0                __gedf2
                0x00000000080009c8                __ltdf2
                0x00000000080009c8                __ledf2
                0x00000000080009d0                __cmpdf2
                0x00000000080009d0                __eqdf2
                0x00000000080009d0                __nedf2
                0x0000000008000a4c                __aeabi_cdrcmple
                0x0000000008000a5c                __aeabi_cdcmple
                0x0000000008000a5c                __aeabi_cdcmpeq
                0x0000000008000a6c                __aeabi_dcmpeq
                0x0000000008000a80                __aeabi_dcmplt
                0x0000000008000a94                __aeabi_dcmple
                0x0000000008000aa8                __aeabi_dcmpge
                0x0000000008000abc                __aeabi_dcmpgt
 .text          0x0000000008000ad0       0xa0 /usr/lib/gcc/arm-none-eabi/4.9.3/armv7e-m/fpu/libgcc.a(_arm_truncdfsf2.o)
                0x0000000008000ad0                __aeabi_d2f
                0x0000000008000ad0                __truncdfsf2
 .text          0x0000000008000b70      0x134 /usr/lib/gcc/arm-none-eabi/4.9.3/../../../arm-none-eabi/lib/armv7e-m/fpu/libc.a(lib_a-memcpy.o)
                0x0000000008000b70                memcpy
 *(.text*)
 .text.delay    0x0000000008000ca4       0x20 build/src/gimbal_mpu6050.o
                0x0000000008000ca4                delay
 .text.I2C1_EV_IRQHandler
                0x0000000008000cc4       0x40 build/src/gimbal_mpu6050.o
                0x0000000008000cc4                I2C1_EV_IRQHandler
 .text.I2C1_ER_IRQHandler
                0x0000000008000d04       0x20 build/src/gimbal_mpu6050.o
                0x0000000008000d04                I2C1_ER_IRQHandler
 .text.DMA1_Stream0_IRQHandler
                0x0000000008000d24       0x40 build/src/gimbal_mpu6050.o
                0x0000000008000d24                DMA1_Stream0_IRQHandler
 .text.setup_i2c_for_mpu6050
                0x0000000008000d64      0x210 build/src/gimbal_mpu6050.o
                0x0000000008000d64                setup_i2c_for_mpu6050
 .text.read_mpu6050_reg_multi
                0x0000000008000f74      0x15c build/src/gimbal_mpu6050.o
                0x0000000008000f74                read_mpu6050_reg_multi
 .text.async_read_event_handler
                0x00000000080010d0      0x1b8 build/src/gimbal_mpu6050.o
                0x00000000080010d0                async_read_event_handler
 .text.dma_done_handler
                0x0000000008001288      0x210 build/src/gimbal_mpu6050.o
                0x0000000008001288                dma_done_handler
 .text.async_read_mpu6050_reg_multi
                0x0000000008001498       0xb0 build/src/gimbal_mpu6050.o
                0x0000000008001498                async_read_mpu6050_reg_multi
 .text.read_mpu6050_reg
                0x0000000008001548       0x24 build/src/gimbal_mpu6050.o
                0x0000000008001548                read_mpu6050_reg
 .text.write_mpu6050_reg
                0x000000000800156c       0xcc build/src/gimbal_mpu6050.o
                0x000000000800156c                write_mpu6050_reg
 .text.setup_mpu6050
                0x0000000008001638       0xc4 build/src/gimbal_mpu6050.o
                0x0000000008001638                setup_mpu6050
 .text.mpu6050_regs_to_signed
                0x00000000080016fc       0x30 build/src/gimbal_mpu6050.o
                0x00000000080016fc                mpu6050_regs_to_signed
 .text.mpu6050_get_data
                0x000000000800172c      0x140 build/src/gimbal_mpu6050.o
                0x000000000800172c                mpu6050_get_data
 .text.data_init
                0x000000000800186c      0x130 build/src/gimbal_proc.o
                0x000000000800186c                data_init
 .text.data_processing
                0x000000000800199c      0x244 build/src/gimbal_proc.o
                0x000000000800199c                data_processing
 .text.proc_mpu6050
                0x0000000008001be0      0x148 build/src/gimbal_proc.o
                0x0000000008001be0                proc_mpu6050
 .text.proc_angle_x
                0x0000000008001d28      0x120 build/src/gimbal_proc.o
                0x0000000008001d28                proc_angle_x
 .text.proc_angle_y
                0x0000000008001e48      0x120 build/src/gimbal_proc.o
                0x0000000008001e48                proc_angle_y
 .text.get_angle_x
                0x0000000008001f68       0x20 build/src/gimbal_proc.o
                0x0000000008001f68                get_angle_x
 .text.generate_sine_pwm
                0x0000000008001f88      0x24c build/src/gimbal_proc.o
                0x0000000008001f88                generate_sine_pwm
 .text.filter_ema
                0x00000000080021d4       0x8c build/src/gimbal_filter.o
                0x00000000080021d4                filter_ema
 .text.setup_serial
                0x0000000008002260       0x90 build/src/gimbal_usart.o
                0x0000000008002260                setup_serial
 .text.serial_putchar
                0x00000000080022f0       0x2c build/src/gimbal_usart.o
                0x00000000080022f0                serial_putchar
 .text.serial_puts
                0x000000000800231c       0x2c build/src/gimbal_usart.o
                0x000000000800231c                serial_puts
 .text.serial_output_hexdig
                0x0000000008002348       0x28 build/src/gimbal_usart.o
                0x0000000008002348                serial_output_hexdig
 .text.serial_output_hexbyte
                0x0000000008002370       0x30 build/src/gimbal_usart.o
                0x0000000008002370                serial_output_hexbyte
 .text.float_to_str
                0x00000000080023a0      0x1a4 build/src/gimbal_usart.o
                0x00000000080023a0                float_to_str
 .text.print_float
                0x0000000008002544       0x4c build/src/gimbal_usart.o
                0x0000000008002544                print_float
 .text._sbrk    0x0000000008002590       0x7c build/src/syscalls.o
                0x0000000008002590                _sbrk
 .text.dir_controler
                0x000000000800260c       0x60 build/src/gimbal_ctr.o
                0x000000000800260c                dir_controler
 .text.TIM2_IRQHandler
                0x000000000800266c       0x38 build/src/gimbal_tim.o
                0x000000000800266c                TIM2_IRQHandler
 .text.TIM1_UP_TIM10_IRQHandler
                0x00000000080026a4       0x28 build/src/gimbal_tim.o
                0x00000000080026a4                TIM1_UP_TIM10_IRQHandler
 .text.TIM7_IRQHandler
                0x00000000080026cc       0x28 build/src/gimbal_tim.o
                0x00000000080026cc                TIM7_IRQHandler
 .text.TIM8_UP_TIM13_IRQHandler
                0x00000000080026f4       0x28 build/src/gimbal_tim.o
                0x00000000080026f4                TIM8_UP_TIM13_IRQHandler
 .text.tim_init
                0x000000000800271c       0x64 build/src/gimbal_tim.o
                0x000000000800271c                tim_init
 .text.setup_carrier
                0x0000000008002780       0x94 build/src/gimbal_tim.o
                0x0000000008002780                setup_carrier
 .text.setup_sine
                0x0000000008002814       0x4c build/src/gimbal_tim.o
                0x0000000008002814                setup_sine
 .text.setup_timer
                0x0000000008002860       0x4c build/src/gimbal_tim.o
                0x0000000008002860                setup_timer
 .text.setup_tim_gpio
                0x00000000080028ac      0x12c build/src/gimbal_tim.o
                0x00000000080028ac                setup_tim_gpio
 .text.setup_tim_nvic
                0x00000000080029d8       0x6c build/src/gimbal_tim.o
                0x00000000080029d8                setup_tim_nvic
 .text.setup_tim_rcc
                0x0000000008002a44       0x20 build/src/gimbal_tim.o
                0x0000000008002a44                setup_tim_rcc
 .text.tim2_get_time
                0x0000000008002a64       0x18 build/src/gimbal_tim.o
                0x0000000008002a64                tim2_get_time
 .text.main     0x0000000008002a7c       0x40 build/src/main.o
                0x0000000008002a7c                main
 .text.NMI_Handler
                0x0000000008002abc        0xc build/src/stm32f4xx_it.o
                0x0000000008002abc                NMI_Handler
 .text.HardFault_Handler
                0x0000000008002ac8        0x8 build/src/stm32f4xx_it.o
                0x0000000008002ac8                HardFault_Handler
 .text.MemManage_Handler
                0x0000000008002ad0        0x8 build/src/stm32f4xx_it.o
                0x0000000008002ad0                MemManage_Handler
 .text.BusFault_Handler
                0x0000000008002ad8        0x8 build/src/stm32f4xx_it.o
                0x0000000008002ad8                BusFault_Handler
 .text.UsageFault_Handler
                0x0000000008002ae0        0x8 build/src/stm32f4xx_it.o
                0x0000000008002ae0                UsageFault_Handler
 .text.DebugMon_Handler
                0x0000000008002ae8        0xc build/src/stm32f4xx_it.o
                0x0000000008002ae8                DebugMon_Handler
 .text.SystemInit
                0x0000000008002af4       0xac build/src/system_stm32f4xx.o
                0x0000000008002af4                SystemInit
 .text.SetSysClock
                0x0000000008002ba0      0x17c build/src/system_stm32f4xx.o
 .text.vListInsertEnd
                0x0000000008002d1c       0x48 build/lib/FreeRTOS/list.o
                0x0000000008002d1c                vListInsertEnd
 .text.uxListRemove
                0x0000000008002d64       0x54 build/lib/FreeRTOS/list.o
                0x0000000008002d64                uxListRemove
 .text.xTaskIncrementTick
                0x0000000008002db8      0x1e8 build/lib/FreeRTOS/tasks.o
                0x0000000008002db8                xTaskIncrementTick
 .text.vTaskSwitchContext
                0x0000000008002fa0       0xc8 build/lib/FreeRTOS/tasks.o
                0x0000000008002fa0                vTaskSwitchContext
 .text.prvResetNextTaskUnblockTime
                0x0000000008003068       0x58 build/lib/FreeRTOS/tasks.o
 .text.SVC_Handler
                0x00000000080030c0       0x20 build/lib/FreeRTOS/portable/port.o
                0x00000000080030c0                SVC_Handler
 .text.PendSV_Handler
                0x00000000080030e0       0x60 build/lib/FreeRTOS/portable/port.o
                0x00000000080030e0                PendSV_Handler
 .text.SysTick_Handler
                0x0000000008003140       0x48 build/lib/FreeRTOS/portable/port.o
                0x0000000008003140                SysTick_Handler
 .text.GPIO_Init
                0x0000000008003188      0x11c build/lib/STM32F4xx_StdPeriph_Driver/src/stm32f4xx_gpio.o
                0x0000000008003188                GPIO_Init
 .text.GPIO_PinAFConfig
                0x00000000080032a4       0x90 build/lib/STM32F4xx_StdPeriph_Driver/src/stm32f4xx_gpio.o
                0x00000000080032a4                GPIO_PinAFConfig
 .text.DMA_DeInit
                0x0000000008003334      0x22c build/lib/STM32F4xx_StdPeriph_Driver/src/stm32f4xx_dma.o
                0x0000000008003334                DMA_DeInit
 .text.DMA_Init
                0x0000000008003560       0xb0 build/lib/STM32F4xx_StdPeriph_Driver/src/stm32f4xx_dma.o
                0x0000000008003560                DMA_Init
 .text.DMA_Cmd  0x0000000008003610       0x38 build/lib/STM32F4xx_StdPeriph_Driver/src/stm32f4xx_dma.o
                0x0000000008003610                DMA_Cmd
 .text.DMA_ClearFlag
                0x0000000008003648       0x60 build/lib/STM32F4xx_StdPeriph_Driver/src/stm32f4xx_dma.o
                0x0000000008003648                DMA_ClearFlag
 .text.DMA_ITConfig
                0x00000000080036a8       0x74 build/lib/STM32F4xx_StdPeriph_Driver/src/stm32f4xx_dma.o
                0x00000000080036a8                DMA_ITConfig
 .text.DMA_GetITStatus
                0x000000000800371c       0xb4 build/lib/STM32F4xx_StdPeriph_Driver/src/stm32f4xx_dma.o
                0x000000000800371c                DMA_GetITStatus
 .text.DMA_ClearITPendingBit
                0x00000000080037d0       0x60 build/lib/STM32F4xx_StdPeriph_Driver/src/stm32f4xx_dma.o
                0x00000000080037d0                DMA_ClearITPendingBit
 .text.I2C_Init
                0x0000000008003830      0x18c build/lib/STM32F4xx_StdPeriph_Driver/src/stm32f4xx_i2c.o
                0x0000000008003830                I2C_Init
 .text.I2C_Cmd  0x00000000080039bc       0x40 build/lib/STM32F4xx_StdPeriph_Driver/src/stm32f4xx_i2c.o
                0x00000000080039bc                I2C_Cmd
 .text.I2C_GenerateSTART
                0x00000000080039fc       0x40 build/lib/STM32F4xx_StdPeriph_Driver/src/stm32f4xx_i2c.o
                0x00000000080039fc                I2C_GenerateSTART
 .text.I2C_GenerateSTOP
                0x0000000008003a3c       0x40 build/lib/STM32F4xx_StdPeriph_Driver/src/stm32f4xx_i2c.o
                0x0000000008003a3c                I2C_GenerateSTOP
 .text.I2C_Send7bitAddress
                0x0000000008003a7c       0x3c build/lib/STM32F4xx_StdPeriph_Driver/src/stm32f4xx_i2c.o
                0x0000000008003a7c                I2C_Send7bitAddress
 .text.I2C_AcknowledgeConfig
                0x0000000008003ab8       0x40 build/lib/STM32F4xx_StdPeriph_Driver/src/stm32f4xx_i2c.o
                0x0000000008003ab8                I2C_AcknowledgeConfig
 .text.I2C_SendData
                0x0000000008003af8       0x20 build/lib/STM32F4xx_StdPeriph_Driver/src/stm32f4xx_i2c.o
                0x0000000008003af8                I2C_SendData
 .text.I2C_ReceiveData
                0x0000000008003b18       0x1c build/lib/STM32F4xx_StdPeriph_Driver/src/stm32f4xx_i2c.o
                0x0000000008003b18                I2C_ReceiveData
 .text.I2C_DMACmd
                0x0000000008003b34       0x40 build/lib/STM32F4xx_StdPeriph_Driver/src/stm32f4xx_i2c.o
                0x0000000008003b34                I2C_DMACmd
 .text.I2C_DMALastTransferCmd
                0x0000000008003b74       0x40 build/lib/STM32F4xx_StdPeriph_Driver/src/stm32f4xx_i2c.o
                0x0000000008003b74                I2C_DMALastTransferCmd
 .text.I2C_ITConfig
                0x0000000008003bb4       0x48 build/lib/STM32F4xx_StdPeriph_Driver/src/stm32f4xx_i2c.o
                0x0000000008003bb4                I2C_ITConfig
 .text.I2C_CheckEvent
                0x0000000008003bfc       0x60 build/lib/STM32F4xx_StdPeriph_Driver/src/stm32f4xx_i2c.o
                0x0000000008003bfc                I2C_CheckEvent
 .text.I2C_GetLastEvent
                0x0000000008003c5c       0x44 build/lib/STM32F4xx_StdPeriph_Driver/src/stm32f4xx_i2c.o
                0x0000000008003c5c                I2C_GetLastEvent
 .text.RCC_GetClocksFreq
                0x0000000008003ca0      0x1a8 build/lib/STM32F4xx_StdPeriph_Driver/src/stm32f4xx_rcc.o
                0x0000000008003ca0                RCC_GetClocksFreq
 .text.RCC_AHB1PeriphClockCmd
                0x0000000008003e48       0x50 build/lib/STM32F4xx_StdPeriph_Driver/src/stm32f4xx_rcc.o
                0x0000000008003e48                RCC_AHB1PeriphClockCmd
 .text.RCC_APB1PeriphClockCmd
                0x0000000008003e98       0x50 build/lib/STM32F4xx_StdPeriph_Driver/src/stm32f4xx_rcc.o
                0x0000000008003e98                RCC_APB1PeriphClockCmd
 .text.RCC_APB2PeriphClockCmd
                0x0000000008003ee8       0x50 build/lib/STM32F4xx_StdPeriph_Driver/src/stm32f4xx_rcc.o
                0x0000000008003ee8                RCC_APB2PeriphClockCmd
 .text.RCC_APB1PeriphResetCmd
                0x0000000008003f38       0x50 build/lib/STM32F4xx_StdPeriph_Driver/src/stm32f4xx_rcc.o
                0x0000000008003f38                RCC_APB1PeriphResetCmd
 .text.NVIC_PriorityGroupConfig
                0x0000000008003f88       0x28 build/lib/STM32F4xx_StdPeriph_Driver/src/misc.o
                0x0000000008003f88                NVIC_PriorityGroupConfig
 .text.NVIC_Init
                0x0000000008003fb0       0xd0 build/lib/STM32F4xx_StdPeriph_Driver/src/misc.o
                0x0000000008003fb0                NVIC_Init
 .text.USART_Init
                0x0000000008004080      0x18c build/lib/STM32F4xx_StdPeriph_Driver/src/stm32f4xx_usart.o
                0x0000000008004080                USART_Init
 .text.USART_Cmd
                0x000000000800420c       0x40 build/lib/STM32F4xx_StdPeriph_Driver/src/stm32f4xx_usart.o
                0x000000000800420c                USART_Cmd
 .text.USART_SendData
                0x000000000800424c       0x24 build/lib/STM32F4xx_StdPeriph_Driver/src/stm32f4xx_usart.o
                0x000000000800424c                USART_SendData
 .text.TIM_TimeBaseInit
                0x0000000008004270       0xec build/lib/STM32F4xx_StdPeriph_Driver/src/stm32f4xx_tim.o
                0x0000000008004270                TIM_TimeBaseInit
 .text.TIM_Cmd  0x000000000800435c       0x40 build/lib/STM32F4xx_StdPeriph_Driver/src/stm32f4xx_tim.o
                0x000000000800435c                TIM_Cmd
 .text.TIM_OC2Init
                0x000000000800439c      0x110 build/lib/STM32F4xx_StdPeriph_Driver/src/stm32f4xx_tim.o
                0x000000000800439c                TIM_OC2Init
 .text.TIM_OC3Init
                0x00000000080044ac      0x10c build/lib/STM32F4xx_StdPeriph_Driver/src/stm32f4xx_tim.o
                0x00000000080044ac                TIM_OC3Init
 .text.TIM_OC4Init
                0x00000000080045b8       0xd0 build/lib/STM32F4xx_StdPeriph_Driver/src/stm32f4xx_tim.o
                0x00000000080045b8                TIM_OC4Init
 .text.TIM_SetCompare2
                0x0000000008004688       0x1c build/lib/STM32F4xx_StdPeriph_Driver/src/stm32f4xx_tim.o
                0x0000000008004688                TIM_SetCompare2
 .text.TIM_SetCompare3
                0x00000000080046a4       0x1c build/lib/STM32F4xx_StdPeriph_Driver/src/stm32f4xx_tim.o
                0x00000000080046a4                TIM_SetCompare3
 .text.TIM_SetCompare4
                0x00000000080046c0       0x1c build/lib/STM32F4xx_StdPeriph_Driver/src/stm32f4xx_tim.o
                0x00000000080046c0                TIM_SetCompare4
 .text.TIM_OC2PreloadConfig
                0x00000000080046dc       0x3c build/lib/STM32F4xx_StdPeriph_Driver/src/stm32f4xx_tim.o
                0x00000000080046dc                TIM_OC2PreloadConfig
 .text.TIM_OC3PreloadConfig
                0x0000000008004718       0x38 build/lib/STM32F4xx_StdPeriph_Driver/src/stm32f4xx_tim.o
                0x0000000008004718                TIM_OC3PreloadConfig
 .text.TIM_OC4PreloadConfig
                0x0000000008004750       0x3c build/lib/STM32F4xx_StdPeriph_Driver/src/stm32f4xx_tim.o
                0x0000000008004750                TIM_OC4PreloadConfig
 .text.TIM_ITConfig
                0x000000000800478c       0x48 build/lib/STM32F4xx_StdPeriph_Driver/src/stm32f4xx_tim.o
                0x000000000800478c                TIM_ITConfig
 .text.TIM_GetITStatus
                0x00000000080047d4       0x54 build/lib/STM32F4xx_StdPeriph_Driver/src/stm32f4xx_tim.o
                0x00000000080047d4                TIM_GetITStatus
 .text.TIM_ClearITPendingBit
                0x0000000008004828       0x20 build/lib/STM32F4xx_StdPeriph_Driver/src/stm32f4xx_tim.o
                0x0000000008004828                TIM_ClearITPendingBit
 .text.Reset_Handler
                0x0000000008004848       0x50 build/lib/CMSIS/Device/Source/startup_stm32f407xx.o
                0x0000000008004848                Reset_Handler
 .text.Default_Handler
                0x0000000008004898        0x2 build/lib/CMSIS/Device/Source/startup_stm32f407xx.o
                0x0000000008004898                RTC_Alarm_IRQHandler
                0x0000000008004898                HASH_RNG_IRQHandler
                0x0000000008004898                EXTI2_IRQHandler
                0x0000000008004898                TIM8_CC_IRQHandler
                0x0000000008004898                TIM1_CC_IRQHandler
                0x0000000008004898                DMA2_Stream5_IRQHandler
                0x0000000008004898                DMA1_Stream5_IRQHandler
                0x0000000008004898                PVD_IRQHandler
                0x0000000008004898                SDIO_IRQHandler
                0x0000000008004898                TAMP_STAMP_IRQHandler
                0x0000000008004898                CAN2_RX1_IRQHandler
                0x0000000008004898                EXTI3_IRQHandler
                0x0000000008004898                TIM8_TRG_COM_TIM14_IRQHandler
                0x0000000008004898                I2C3_ER_IRQHandler
                0x0000000008004898                EXTI0_IRQHandler
                0x0000000008004898                I2C2_EV_IRQHandler
                0x0000000008004898                DMA1_Stream2_IRQHandler
                0x0000000008004898                CAN1_RX0_IRQHandler
                0x0000000008004898                FPU_IRQHandler
                0x0000000008004898                OTG_HS_WKUP_IRQHandler
                0x0000000008004898                CAN2_SCE_IRQHandler
                0x0000000008004898                DMA2_Stream2_IRQHandler
                0x0000000008004898                SPI1_IRQHandler
                0x0000000008004898                TIM6_DAC_IRQHandler
                0x0000000008004898                TIM1_BRK_TIM9_IRQHandler
                0x0000000008004898                DCMI_IRQHandler
                0x0000000008004898                CAN2_RX0_IRQHandler
                0x0000000008004898                DMA2_Stream3_IRQHandler
                0x0000000008004898                USART6_IRQHandler
                0x0000000008004898                USART3_IRQHandler
                0x0000000008004898                CAN1_RX1_IRQHandler
                0x0000000008004898                UART5_IRQHandler
                0x0000000008004898                DMA2_Stream0_IRQHandler
                0x0000000008004898                TIM4_IRQHandler
                0x0000000008004898                DMA1_Stream6_IRQHandler
                0x0000000008004898                DMA1_Stream1_IRQHandler
                0x0000000008004898                UART4_IRQHandler
                0x0000000008004898                TIM3_IRQHandler
                0x0000000008004898                RCC_IRQHandler
                0x0000000008004898                TIM8_BRK_TIM12_IRQHandler
                0x0000000008004898                Default_Handler
                0x0000000008004898                EXTI15_10_IRQHandler
                0x0000000008004898                ADC_IRQHandler
                0x0000000008004898                DMA1_Stream7_IRQHandler
                0x0000000008004898                CAN2_TX_IRQHandler
                0x0000000008004898                TIM5_IRQHandler
                0x0000000008004898                DMA2_Stream7_IRQHandler
                0x0000000008004898                I2C3_EV_IRQHandler
                0x0000000008004898                EXTI9_5_IRQHandler
                0x0000000008004898                RTC_WKUP_IRQHandler
                0x0000000008004898                ETH_WKUP_IRQHandler
                0x0000000008004898                SPI2_IRQHandler
                0x0000000008004898                OTG_HS_EP1_IN_IRQHandler
                0x0000000008004898                CAN1_TX_IRQHandler
                0x0000000008004898                EXTI4_IRQHandler
                0x0000000008004898                FSMC_IRQHandler
                0x0000000008004898                ETH_IRQHandler
                0x0000000008004898                OTG_HS_EP1_OUT_IRQHandler
                0x0000000008004898                WWDG_IRQHandler
                0x0000000008004898                OTG_FS_WKUP_IRQHandler
                0x0000000008004898                TIM1_TRG_COM_TIM11_IRQHandler
                0x0000000008004898                OTG_HS_IRQHandler
                0x0000000008004898                EXTI1_IRQHandler
                0x0000000008004898                USART2_IRQHandler
                0x0000000008004898                I2C2_ER_IRQHandler
                0x0000000008004898                DMA2_Stream1_IRQHandler
                0x0000000008004898                CAN1_SCE_IRQHandler
                0x0000000008004898                FLASH_IRQHandler
                0x0000000008004898                DMA2_Stream4_IRQHandler
                0x0000000008004898                USART1_IRQHandler
                0x0000000008004898                OTG_FS_IRQHandler
                0x0000000008004898                SPI3_IRQHandler
                0x0000000008004898                DMA1_Stream4_IRQHandler
                0x0000000008004898                DMA2_Stream6_IRQHandler
                0x0000000008004898                DMA1_Stream3_IRQHandler
 *fill*         0x000000000800489a        0x6 
 .text.atan     0x00000000080048a0      0x368 /usr/lib/gcc/arm-none-eabi/4.9.3/../../../arm-none-eabi/lib/armv7e-m/fpu/libm.a(lib_a-s_atan.o)
                0x00000000080048a0                atan
 .text.fabs     0x0000000008004c08       0x10 /usr/lib/gcc/arm-none-eabi/4.9.3/../../../arm-none-eabi/lib/armv7e-m/fpu/libm.a(lib_a-s_fabs.o)
                0x0000000008004c08                fabs
 .text.pow      0x0000000008004c18      0x340 /usr/lib/gcc/arm-none-eabi/4.9.3/../../../arm-none-eabi/lib/armv7e-m/fpu/libm.a(lib_a-w_pow.o)
                0x0000000008004c18                pow
 .text.sqrt     0x0000000008004f58       0xbc /usr/lib/gcc/arm-none-eabi/4.9.3/../../../arm-none-eabi/lib/armv7e-m/fpu/libm.a(lib_a-w_sqrt.o)
                0x0000000008004f58                sqrt
 .text.powf     0x0000000008005014      0x344 /usr/lib/gcc/arm-none-eabi/4.9.3/../../../arm-none-eabi/lib/armv7e-m/fpu/libm.a(lib_a-wf_pow.o)
                0x0000000008005014                powf
 .text.__ieee754_pow
                0x0000000008005358      0xae0 /usr/lib/gcc/arm-none-eabi/4.9.3/../../../arm-none-eabi/lib/armv7e-m/fpu/libm.a(lib_a-e_pow.o)
                0x0000000008005358                __ieee754_pow
 .text.__ieee754_sqrt
                0x0000000008005e38      0x1a8 /usr/lib/gcc/arm-none-eabi/4.9.3/../../../arm-none-eabi/lib/armv7e-m/fpu/libm.a(lib_a-e_sqrt.o)
                0x0000000008005e38                __ieee754_sqrt
 .text.__ieee754_powf
                0x0000000008005fe0      0x5f0 /usr/lib/gcc/arm-none-eabi/4.9.3/../../../arm-none-eabi/lib/armv7e-m/fpu/libm.a(lib_a-ef_pow.o)
                0x0000000008005fe0                __ieee754_powf
 .text.__ieee754_sqrtf
                0x00000000080065d0       0xa4 /usr/lib/gcc/arm-none-eabi/4.9.3/../../../arm-none-eabi/lib/armv7e-m/fpu/libm.a(lib_a-ef_sqrt.o)
                0x00000000080065d0                __ieee754_sqrtf
 .text.finite   0x0000000008006674       0x10 /usr/lib/gcc/arm-none-eabi/4.9.3/../../../arm-none-eabi/lib/armv7e-m/fpu/libm.a(lib_a-s_finite.o)
                0x0000000008006674                finite
 .text.__fpclassifyd
                0x0000000008006684       0x5c /usr/lib/gcc/arm-none-eabi/4.9.3/../../../arm-none-eabi/lib/armv7e-m/fpu/libm.a(lib_a-s_fpclassify.o)
                0x0000000008006684                __fpclassifyd
 .text.matherr  0x00000000080066e0        0x4 /usr/lib/gcc/arm-none-eabi/4.9.3/../../../arm-none-eabi/lib/armv7e-m/fpu/libm.a(lib_a-s_matherr.o)
                0x00000000080066e0                matherr
 *fill*         0x00000000080066e4        0x4 
 .text.nan      0x00000000080066e8       0x10 /usr/lib/gcc/arm-none-eabi/4.9.3/../../../arm-none-eabi/lib/armv7e-m/fpu/libm.a(lib_a-s_nan.o)
                0x00000000080066e8                nan
 .text.rint     0x00000000080066f8      0x124 /usr/lib/gcc/arm-none-eabi/4.9.3/../../../arm-none-eabi/lib/armv7e-m/fpu/libm.a(lib_a-s_rint.o)
                0x00000000080066f8                rint
 *fill*         0x000000000800681c        0x4 
 .text.scalbn   0x0000000008006820      0x108 /usr/lib/gcc/arm-none-eabi/4.9.3/../../../arm-none-eabi/lib/armv7e-m/fpu/libm.a(lib_a-s_scalbn.o)
                0x0000000008006820                scalbn
 .text.fabsf    0x0000000008006928       0x10 /usr/lib/gcc/arm-none-eabi/4.9.3/../../../arm-none-eabi/lib/armv7e-m/fpu/libm.a(lib_a-sf_fabs.o)
                0x0000000008006928                fabsf
 .text.finitef  0x0000000008006938       0x14 /usr/lib/gcc/arm-none-eabi/4.9.3/../../../arm-none-eabi/lib/armv7e-m/fpu/libm.a(lib_a-sf_finite.o)
                0x0000000008006938                finitef
 .text.__fpclassifyf
                0x000000000800694c       0x38 /usr/lib/gcc/arm-none-eabi/4.9.3/../../../arm-none-eabi/lib/armv7e-m/fpu/libm.a(lib_a-sf_fpclassify.o)
                0x000000000800694c                __fpclassifyf
 .text.nanf     0x0000000008006984        0xc /usr/lib/gcc/arm-none-eabi/4.9.3/../../../arm-none-eabi/lib/armv7e-m/fpu/libm.a(lib_a-sf_nan.o)
                0x0000000008006984                nanf
 .text.scalbnf  0x0000000008006990       0xd0 /usr/lib/gcc/arm-none-eabi/4.9.3/../../../arm-none-eabi/lib/armv7e-m/fpu/libm.a(lib_a-sf_scalbn.o)
                0x0000000008006990                scalbnf
 .text.copysign
                0x0000000008006a60       0x1c /usr/lib/gcc/arm-none-eabi/4.9.3/../../../arm-none-eabi/lib/armv7e-m/fpu/libm.a(lib_a-s_copysign.o)
                0x0000000008006a60                copysign
 .text.copysignf
                0x0000000008006a7c       0x18 /usr/lib/gcc/arm-none-eabi/4.9.3/../../../arm-none-eabi/lib/armv7e-m/fpu/libm.a(lib_a-sf_copysign.o)
                0x0000000008006a7c                copysignf
 .text.atexit   0x0000000008006a94        0xc /usr/lib/gcc/arm-none-eabi/4.9.3/../../../arm-none-eabi/lib/armv7e-m/fpu/libc.a(lib_a-atexit.o)
                0x0000000008006a94                atexit
 .text.__libc_fini_array
                0x0000000008006aa0       0x2c /usr/lib/gcc/arm-none-eabi/4.9.3/../../../arm-none-eabi/lib/armv7e-m/fpu/libc.a(lib_a-fini.o)
                0x0000000008006aa0                __libc_fini_array
 .text.__libc_init_array
                0x0000000008006acc       0x50 /usr/lib/gcc/arm-none-eabi/4.9.3/../../../arm-none-eabi/lib/armv7e-m/fpu/libc.a(lib_a-init.o)
                0x0000000008006acc                __libc_init_array
 .text.malloc   0x0000000008006b1c       0x10 /usr/lib/gcc/arm-none-eabi/4.9.3/../../../arm-none-eabi/lib/armv7e-m/fpu/libc.a(lib_a-malloc.o)
                0x0000000008006b1c                malloc
 .text._malloc_r
                0x0000000008006b2c      0x524 /usr/lib/gcc/arm-none-eabi/4.9.3/../../../arm-none-eabi/lib/armv7e-m/fpu/libc.a(lib_a-mallocr.o)
                0x0000000008006b2c                _malloc_r
 .text.__malloc_lock
                0x0000000008007050        0x4 /usr/lib/gcc/arm-none-eabi/4.9.3/../../../arm-none-eabi/lib/armv7e-m/fpu/libc.a(lib_a-mlock.o)
                0x0000000008007050                __malloc_lock
 .text.__malloc_unlock
                0x0000000008007054        0x4 /usr/lib/gcc/arm-none-eabi/4.9.3/../../../arm-none-eabi/lib/armv7e-m/fpu/libc.a(lib_a-mlock.o)
                0x0000000008007054                __malloc_unlock
 .text._sbrk_r  0x0000000008007058       0x24 /usr/lib/gcc/arm-none-eabi/4.9.3/../../../arm-none-eabi/lib/armv7e-m/fpu/libc.a(lib_a-sbrkr.o)
                0x0000000008007058                _sbrk_r
 .text.__register_exitproc
                0x000000000800707c       0xa4 /usr/lib/gcc/arm-none-eabi/4.9.3/../../../arm-none-eabi/lib/armv7e-m/fpu/libc.a(lib_a-__atexit.o)
                0x000000000800707c                __register_exitproc
 .text.startup.register_fini
                0x0000000008007120       0x14 /usr/lib/gcc/arm-none-eabi/4.9.3/../../../arm-none-eabi/lib/armv7e-m/fpu/libc.a(lib_a-__call_atexit.o)
 .text._malloc_trim_r
                0x0000000008007134       0x9c /usr/lib/gcc/arm-none-eabi/4.9.3/../../../arm-none-eabi/lib/armv7e-m/fpu/libc.a(lib_a-freer.o)
                0x0000000008007134                _malloc_trim_r
 .text._free_r  0x00000000080071d0      0x1b0 /usr/lib/gcc/arm-none-eabi/4.9.3/../../../arm-none-eabi/lib/armv7e-m/fpu/libc.a(lib_a-freer.o)
                0x00000000080071d0                _free_r
 *(.rodata)
 .rodata        0x0000000008007380       0x9d build/src/gimbal_mpu6050.o
 *fill*         0x000000000800741d        0x3 
 .rodata        0x0000000008007420       0x5a build/src/gimbal_proc.o
 *(.rodata*)
 *fill*         0x000000000800747a        0x6 
 .rodata.atanlo
                0x0000000008007480       0x20 /usr/lib/gcc/arm-none-eabi/4.9.3/../../../arm-none-eabi/lib/armv7e-m/fpu/libm.a(lib_a-s_atan.o)
 .rodata.atanhi
                0x00000000080074a0       0x20 /usr/lib/gcc/arm-none-eabi/4.9.3/../../../arm-none-eabi/lib/armv7e-m/fpu/libm.a(lib_a-s_atan.o)
 .rodata.str1.4
                0x00000000080074c0        0x4 /usr/lib/gcc/arm-none-eabi/4.9.3/../../../arm-none-eabi/lib/armv7e-m/fpu/libm.a(lib_a-w_pow.o)
 .rodata.str1.4
                0x00000000080074c4        0x5 /usr/lib/gcc/arm-none-eabi/4.9.3/../../../arm-none-eabi/lib/armv7e-m/fpu/libm.a(lib_a-w_sqrt.o)
                                          0x8 (size before relaxing)
 *fill*         0x00000000080074c9        0x3 
 .rodata.str1.4
                0x00000000080074cc        0x5 /usr/lib/gcc/arm-none-eabi/4.9.3/../../../arm-none-eabi/lib/armv7e-m/fpu/libm.a(lib_a-wf_pow.o)
                                          0x8 (size before relaxing)
 *fill*         0x00000000080074d1        0x7 
 .rodata.dp_h   0x00000000080074d8       0x10 /usr/lib/gcc/arm-none-eabi/4.9.3/../../../arm-none-eabi/lib/armv7e-m/fpu/libm.a(lib_a-e_pow.o)
 .rodata.dp_l   0x00000000080074e8       0x10 /usr/lib/gcc/arm-none-eabi/4.9.3/../../../arm-none-eabi/lib/armv7e-m/fpu/libm.a(lib_a-e_pow.o)
 .rodata.bp     0x00000000080074f8       0x10 /usr/lib/gcc/arm-none-eabi/4.9.3/../../../arm-none-eabi/lib/armv7e-m/fpu/libm.a(lib_a-e_pow.o)
 .rodata.str1.4
                0x0000000008007508        0x5 /usr/lib/gcc/arm-none-eabi/4.9.3/../../../arm-none-eabi/lib/armv7e-m/fpu/libm.a(lib_a-e_pow.o)
                                          0x4 (size before relaxing)
 .rodata.dp_h   0x0000000008007508        0x8 /usr/lib/gcc/arm-none-eabi/4.9.3/../../../arm-none-eabi/lib/armv7e-m/fpu/libm.a(lib_a-ef_pow.o)
 .rodata.dp_l   0x0000000008007510        0x8 /usr/lib/gcc/arm-none-eabi/4.9.3/../../../arm-none-eabi/lib/armv7e-m/fpu/libm.a(lib_a-ef_pow.o)
 .rodata.bp     0x0000000008007518        0x8 /usr/lib/gcc/arm-none-eabi/4.9.3/../../../arm-none-eabi/lib/armv7e-m/fpu/libm.a(lib_a-ef_pow.o)
 .rodata.str1.4
                0x0000000008007520        0x4 /usr/lib/gcc/arm-none-eabi/4.9.3/../../../arm-none-eabi/lib/armv7e-m/fpu/libm.a(lib_a-ef_pow.o)
 .rodata.TWO52  0x0000000008007520       0x10 /usr/lib/gcc/arm-none-eabi/4.9.3/../../../arm-none-eabi/lib/armv7e-m/fpu/libm.a(lib_a-s_rint.o)
 .rodata.str1.4
                0x0000000008007530        0x4 /usr/lib/gcc/arm-none-eabi/4.9.3/../../../arm-none-eabi/lib/armv7e-m/fpu/libc.a(lib_a-impure.o)
 .rodata._global_impure_ptr
                0x0000000008007534        0x4 /usr/lib/gcc/arm-none-eabi/4.9.3/../../../arm-none-eabi/lib/armv7e-m/fpu/libc.a(lib_a-impure.o)
                0x0000000008007534                _global_impure_ptr
 *(.glue_7)
 .glue_7        0x0000000008007538        0x0 linker stubs
 *(.glue_7t)
 .glue_7t       0x0000000008007538        0x0 linker stubs
 *(.eh_frame)
 .eh_frame      0x0000000008007538        0x0 /usr/lib/gcc/arm-none-eabi/4.9.3/armv7e-m/fpu/crtbegin.o
 *(.init)
 .init          0x0000000008007538        0x4 /usr/lib/gcc/arm-none-eabi/4.9.3/armv7e-m/fpu/crti.o
                0x0000000008007538                _init
 .init          0x000000000800753c        0x8 /usr/lib/gcc/arm-none-eabi/4.9.3/armv7e-m/fpu/crtn.o
 *(.fini)
 .fini          0x0000000008007544        0x4 /usr/lib/gcc/arm-none-eabi/4.9.3/armv7e-m/fpu/crti.o
                0x0000000008007544                _fini
 .fini          0x0000000008007548        0x8 /usr/lib/gcc/arm-none-eabi/4.9.3/armv7e-m/fpu/crtn.o
 .fini.__stub   0x0000000008007550       0x10 linker stubs
                0x0000000008007560                . = ALIGN (0x4)
                0x0000000008007560                _etext = .

.vfp11_veneer   0x0000000008007560        0x0
 .vfp11_veneer  0x0000000008007560        0x0 linker stubs

.v4_bx          0x0000000008007560        0x0
 .v4_bx         0x0000000008007560        0x0 linker stubs

.iplt           0x0000000008007560        0x0
 .iplt          0x0000000008007560        0x0 /usr/lib/gcc/arm-none-eabi/4.9.3/armv7e-m/fpu/crtbegin.o

.rel.dyn        0x0000000008007560        0x0
 .rel.iplt      0x0000000008007560        0x0 /usr/lib/gcc/arm-none-eabi/4.9.3/armv7e-m/fpu/crtbegin.o

.ARM.extab
 *(.ARM.extab* .gnu.linkonce.armextab.*)

.ARM            0x0000000008007560        0x0
                0x0000000008007560                __exidx_start = .
 *(.ARM.exidx*)
                0x0000000008007560                __exidx_end = .

.preinit_array  0x0000000008007560        0x0
                0x0000000008007560                PROVIDE (__preinit_array_start, .)
 *(.preinit_array*)
                0x0000000008007560                PROVIDE (__preinit_array_end, .)

.init_array     0x0000000008007560        0x8
                0x0000000008007560                PROVIDE (__init_array_start, .)
 *(SORT(.init_array.*))
 .init_array.00000
                0x0000000008007560        0x4 /usr/lib/gcc/arm-none-eabi/4.9.3/../../../arm-none-eabi/lib/armv7e-m/fpu/libc.a(lib_a-__call_atexit.o)
 *(.init_array*)
 .init_array    0x0000000008007564        0x4 /usr/lib/gcc/arm-none-eabi/4.9.3/armv7e-m/fpu/crtbegin.o
                0x0000000008007568                PROVIDE (__init_array_end, .)

.fini_array     0x0000000008007568        0x4
                0x0000000008007568                PROVIDE (__fini_array_start, .)
 *(.fini_array*)
 .fini_array    0x0000000008007568        0x4 /usr/lib/gcc/arm-none-eabi/4.9.3/armv7e-m/fpu/crtbegin.o
 *(SORT(.fini_array.*))
                0x000000000800756c                PROVIDE (__fini_array_end, .)
                0x000000000800756c                _sidata = .

.data           0x0000000020000000      0xdf4 load address 0x000000000800756c
                0x0000000020000000                . = ALIGN (0x4)
                0x0000000020000000                _sdata = .
 *(.data)
 *(.data*)
 .data.sine_Array
                0x0000000020000000      0x5a0 build/src/gimbal_proc.o
                0x0000000020000000                sine_Array
 .data.APBAHBPrescTable
                0x00000000200005a0       0x10 build/lib/STM32F4xx_StdPeriph_Driver/src/stm32f4xx_rcc.o
 .data.__fdlib_version
                0x00000000200005b0        0x1 /usr/lib/gcc/arm-none-eabi/4.9.3/../../../arm-none-eabi/lib/armv7e-m/fpu/libm.a(lib_a-s_lib_ver.o)
                0x00000000200005b0                __fdlib_version
 *fill*         0x00000000200005b1        0x7 
 .data.impure_data
                0x00000000200005b8      0x428 /usr/lib/gcc/arm-none-eabi/4.9.3/../../../arm-none-eabi/lib/armv7e-m/fpu/libc.a(lib_a-impure.o)
 .data._impure_ptr
                0x00000000200009e0        0x4 /usr/lib/gcc/arm-none-eabi/4.9.3/../../../arm-none-eabi/lib/armv7e-m/fpu/libc.a(lib_a-impure.o)
                0x00000000200009e0                _impure_ptr
 .data.__malloc_av_
                0x00000000200009e4      0x408 /usr/lib/gcc/arm-none-eabi/4.9.3/../../../arm-none-eabi/lib/armv7e-m/fpu/libc.a(lib_a-mallocr.o)
                0x00000000200009e4                __malloc_av_
 .data.__malloc_trim_threshold
                0x0000000020000dec        0x4 /usr/lib/gcc/arm-none-eabi/4.9.3/../../../arm-none-eabi/lib/armv7e-m/fpu/libc.a(lib_a-mallocr.o)
                0x0000000020000dec                __malloc_trim_threshold
 .data.__malloc_sbrk_base
                0x0000000020000df0        0x4 /usr/lib/gcc/arm-none-eabi/4.9.3/../../../arm-none-eabi/lib/armv7e-m/fpu/libc.a(lib_a-mallocr.o)
                0x0000000020000df0                __malloc_sbrk_base
                0x0000000020000df4                . = ALIGN (0x4)
                0x0000000020000df4                _edata = .

.jcr            0x0000000020000df4        0x0 load address 0x0000000008008360
 .jcr           0x0000000020000df4        0x0 /usr/lib/gcc/arm-none-eabi/4.9.3/armv7e-m/fpu/crtbegin.o

.tm_clone_table
                0x0000000020000df4        0x0 load address 0x0000000008008360
 .tm_clone_table
                0x0000000020000df4        0x0 /usr/lib/gcc/arm-none-eabi/4.9.3/armv7e-m/fpu/crtbegin.o
 .tm_clone_table
                0x0000000020000df4        0x0 /usr/lib/gcc/arm-none-eabi/4.9.3/armv7e-m/fpu/crtend.o

.igot.plt       0x0000000020000df4        0x0 load address 0x0000000008008360
 .igot.plt      0x0000000020000df4        0x0 /usr/lib/gcc/arm-none-eabi/4.9.3/armv7e-m/fpu/crtbegin.o
                0x0000000020000df4                . = ALIGN (0x4)

.bss            0x0000000020000df4      0x184 load address 0x0000000008008360
                0x0000000020000df4                _sbss = .
                0x0000000020000df4                __bss_start__ = _sbss
 *(.bss)
 .bss           0x0000000020000df4       0x1c /usr/lib/gcc/arm-none-eabi/4.9.3/armv7e-m/fpu/crtbegin.o
 *(.bss*)
 .bss.heap_end.5800
                0x0000000020000e10        0x4 build/src/syscalls.o
 .bss.pxCurrentTCB
                0x0000000020000e14        0x4 build/lib/FreeRTOS/tasks.o
                0x0000000020000e14                pxCurrentTCB
 .bss.pxReadyTasksLists
                0x0000000020000e18       0x64 build/lib/FreeRTOS/tasks.o
 .bss.pxDelayedTaskList
                0x0000000020000e7c        0x4 build/lib/FreeRTOS/tasks.o
 .bss.pxOverflowDelayedTaskList
                0x0000000020000e80        0x4 build/lib/FreeRTOS/tasks.o
 .bss.xTickCount
                0x0000000020000e84        0x4 build/lib/FreeRTOS/tasks.o
 .bss.uxTopReadyPriority
                0x0000000020000e88        0x4 build/lib/FreeRTOS/tasks.o
 .bss.uxPendedTicks
                0x0000000020000e8c        0x4 build/lib/FreeRTOS/tasks.o
 .bss.xYieldPending
                0x0000000020000e90        0x4 build/lib/FreeRTOS/tasks.o
 .bss.xNumOfOverflows
                0x0000000020000e94        0x4 build/lib/FreeRTOS/tasks.o
 .bss.xNextTaskUnblockTime
                0x0000000020000e98        0x4 build/lib/FreeRTOS/tasks.o
 .bss.uxSchedulerSuspended
                0x0000000020000e9c        0x4 build/lib/FreeRTOS/tasks.o
 .bss.__malloc_max_total_mem
                0x0000000020000ea0        0x4 /usr/lib/gcc/arm-none-eabi/4.9.3/../../../arm-none-eabi/lib/armv7e-m/fpu/libc.a(lib_a-mallocr.o)
                0x0000000020000ea0                __malloc_max_total_mem
 .bss.__malloc_max_sbrked_mem
                0x0000000020000ea4        0x4 /usr/lib/gcc/arm-none-eabi/4.9.3/../../../arm-none-eabi/lib/armv7e-m/fpu/libc.a(lib_a-mallocr.o)
                0x0000000020000ea4                __malloc_max_sbrked_mem
 .bss.__malloc_top_pad
                0x0000000020000ea8        0x4 /usr/lib/gcc/arm-none-eabi/4.9.3/../../../arm-none-eabi/lib/armv7e-m/fpu/libc.a(lib_a-mallocr.o)
                0x0000000020000ea8                __malloc_top_pad
 .bss.__malloc_current_mallinfo
                0x0000000020000eac       0x28 /usr/lib/gcc/arm-none-eabi/4.9.3/../../../arm-none-eabi/lib/armv7e-m/fpu/libc.a(lib_a-mallocr.o)
                0x0000000020000eac                __malloc_current_mallinfo
 *(COMMON)
 COMMON         0x0000000020000ed4       0xa0 build/src/gimbal_mpu6050.o
                0x0000000020000ed4                i2c_async_len
                0x0000000020000ed8                accel_x
                0x0000000020000edc                samp_Time
                0x0000000020000ee0                __errno
                0x0000000020000ee4                duty_PhaseV
                0x0000000020000ee8                target_angle_y
                0x0000000020000eec                duty_PhaseW
                0x0000000020000ef0                temp
                0x0000000020000ef4                mpu6050_reg_buffer
                0x0000000020000f04                angle_z
                0x0000000020000f08                gyro_y
                0x0000000020000f0c                i2c_async_event_handler
                0x0000000020000f10                target_angle_x
                0x0000000020000f14                accel_y
                0x0000000020000f18                i2c_async_reg
                0x0000000020000f1c                print_Time
                0x0000000020000f20                i
                0x0000000020000f24                val
                0x0000000020000f28                angle_y
                0x0000000020000f2c                dma_event_handler
                0x0000000020000f30                i2c_async_stage
                0x0000000020000f34                ema_val
                0x0000000020000f38                angle_x
                0x0000000020000f3c                pre_ema_val
                0x0000000020000f40                gyro_x
                0x0000000020000f44                buf
                0x0000000020000f54                phaseV
                0x0000000020000f58                i2c_async_buf
                0x0000000020000f5c                TIM2_Count
                0x0000000020000f60                phaseU
                0x0000000020000f64                accel_z
                0x0000000020000f68                phaseW
                0x0000000020000f6c                gyro_z
                0x0000000020000f70                duty_PhaseU
 COMMON         0x0000000020000f74        0x4 /usr/lib/gcc/arm-none-eabi/4.9.3/../../../arm-none-eabi/lib/armv7e-m/fpu/libc.a(lib_a-reent.o)
                0x0000000020000f74                errno
                0x0000000020000f78                . = ALIGN (0x4)
                0x0000000020000f78                _ebss = .
                0x0000000020000f78                __bss_end__ = _ebss

._user_heap_stack
                0x0000000020000f78      0x400 load address 0x00000000080084e4
                0x0000000020000f78                . = ALIGN (0x8)
                0x0000000020000f78                PROVIDE (end, .)
                [!provide]                        PROVIDE (_end, .)
                0x0000000020000f78                . = (. + _Min_Heap_Size)
                0x0000000020001378                . = (. + _Min_Stack_Size)
 *fill*         0x0000000020000f78      0x400 
                0x0000000020001378                . = ALIGN (0x8)

.memory_b1_text
 *(.mb1text)
 *(.mb1text*)
 *(.mb1rodata)
 *(.mb1rodata*)

/DISCARD/
 libc.a(*)
 libm.a(*)
 libgcc.a(*)

.ARM.attributes
                0x0000000000000000       0x30
 *(.ARM.attributes)
 .ARM.attributes
                0x0000000000000000       0x22 /usr/lib/gcc/arm-none-eabi/4.9.3/armv7e-m/fpu/crti.o
 .ARM.attributes
                0x0000000000000022       0x34 /usr/lib/gcc/arm-none-eabi/4.9.3/armv7e-m/fpu/crtbegin.o
 .ARM.attributes
                0x0000000000000056       0x39 build/src/gimbal_mpu6050.o
 .ARM.attributes
                0x000000000000008f       0x39 build/src/gimbal_proc.o
 .ARM.attributes
                0x00000000000000c8       0x39 build/src/gimbal_filter.o
 .ARM.attributes
                0x0000000000000101       0x39 build/src/gimbal_usart.o
 .ARM.attributes
                0x000000000000013a       0x39 build/src/syscalls.o
 .ARM.attributes
                0x0000000000000173       0x39 build/src/gimbal_ctr.o
 .ARM.attributes
                0x00000000000001ac       0x39 build/src/gimbal_tim.o
 .ARM.attributes
                0x00000000000001e5       0x39 build/src/main.o
 .ARM.attributes
                0x000000000000021e       0x39 build/src/stm32f4xx_it.o
 .ARM.attributes
                0x0000000000000257       0x39 build/src/system_stm32f4xx.o
 .ARM.attributes
                0x0000000000000290       0x39 build/lib/FreeRTOS/list.o
 .ARM.attributes
                0x00000000000002c9       0x39 build/lib/FreeRTOS/tasks.o
 .ARM.attributes
                0x0000000000000302       0x39 build/lib/FreeRTOS/portable/port.o
 .ARM.attributes
                0x000000000000033b       0x39 build/lib/STM32F4xx_StdPeriph_Driver/src/stm32f4xx_gpio.o
 .ARM.attributes
                0x0000000000000374       0x39 build/lib/STM32F4xx_StdPeriph_Driver/src/stm32f4xx_dma.o
 .ARM.attributes
                0x00000000000003ad       0x39 build/lib/STM32F4xx_StdPeriph_Driver/src/stm32f4xx_i2c.o
 .ARM.attributes
                0x00000000000003e6       0x39 build/lib/STM32F4xx_StdPeriph_Driver/src/stm32f4xx_rcc.o
 .ARM.attributes
                0x000000000000041f       0x39 build/lib/STM32F4xx_StdPeriph_Driver/src/misc.o
 .ARM.attributes
                0x0000000000000458       0x39 build/lib/STM32F4xx_StdPeriph_Driver/src/stm32f4xx_usart.o
 .ARM.attributes
                0x0000000000000491       0x39 build/lib/STM32F4xx_StdPeriph_Driver/src/stm32f4xx_tim.o
 .ARM.attributes
                0x00000000000004ca       0x21 build/lib/CMSIS/Device/Source/startup_stm32f407xx.o
 .ARM.attributes
                0x00000000000004eb       0x34 /usr/lib/gcc/arm-none-eabi/4.9.3/../../../arm-none-eabi/lib/armv7e-m/fpu/libm.a(lib_a-s_atan.o)
 .ARM.attributes
                0x000000000000051f       0x34 /usr/lib/gcc/arm-none-eabi/4.9.3/../../../arm-none-eabi/lib/armv7e-m/fpu/libm.a(lib_a-s_fabs.o)
 .ARM.attributes
                0x0000000000000553       0x34 /usr/lib/gcc/arm-none-eabi/4.9.3/../../../arm-none-eabi/lib/armv7e-m/fpu/libm.a(lib_a-w_pow.o)
 .ARM.attributes
                0x0000000000000587       0x34 /usr/lib/gcc/arm-none-eabi/4.9.3/../../../arm-none-eabi/lib/armv7e-m/fpu/libm.a(lib_a-w_sqrt.o)
 .ARM.attributes
                0x00000000000005bb       0x34 /usr/lib/gcc/arm-none-eabi/4.9.3/../../../arm-none-eabi/lib/armv7e-m/fpu/libm.a(lib_a-wf_pow.o)
 .ARM.attributes
                0x00000000000005ef       0x34 /usr/lib/gcc/arm-none-eabi/4.9.3/../../../arm-none-eabi/lib/armv7e-m/fpu/libm.a(lib_a-e_pow.o)
 .ARM.attributes
                0x0000000000000623       0x34 /usr/lib/gcc/arm-none-eabi/4.9.3/../../../arm-none-eabi/lib/armv7e-m/fpu/libm.a(lib_a-e_sqrt.o)
 .ARM.attributes
                0x0000000000000657       0x34 /usr/lib/gcc/arm-none-eabi/4.9.3/../../../arm-none-eabi/lib/armv7e-m/fpu/libm.a(lib_a-ef_pow.o)
 .ARM.attributes
                0x000000000000068b       0x34 /usr/lib/gcc/arm-none-eabi/4.9.3/../../../arm-none-eabi/lib/armv7e-m/fpu/libm.a(lib_a-ef_sqrt.o)
 .ARM.attributes
                0x00000000000006bf       0x34 /usr/lib/gcc/arm-none-eabi/4.9.3/../../../arm-none-eabi/lib/armv7e-m/fpu/libm.a(lib_a-s_finite.o)
 .ARM.attributes
                0x00000000000006f3       0x34 /usr/lib/gcc/arm-none-eabi/4.9.3/../../../arm-none-eabi/lib/armv7e-m/fpu/libm.a(lib_a-s_fpclassify.o)
 .ARM.attributes
                0x0000000000000727       0x34 /usr/lib/gcc/arm-none-eabi/4.9.3/../../../arm-none-eabi/lib/armv7e-m/fpu/libm.a(lib_a-s_lib_ver.o)
 .ARM.attributes
                0x000000000000075b       0x34 /usr/lib/gcc/arm-none-eabi/4.9.3/../../../arm-none-eabi/lib/armv7e-m/fpu/libm.a(lib_a-s_matherr.o)
 .ARM.attributes
                0x000000000000078f       0x34 /usr/lib/gcc/arm-none-eabi/4.9.3/../../../arm-none-eabi/lib/armv7e-m/fpu/libm.a(lib_a-s_nan.o)
 .ARM.attributes
                0x00000000000007c3       0x34 /usr/lib/gcc/arm-none-eabi/4.9.3/../../../arm-none-eabi/lib/armv7e-m/fpu/libm.a(lib_a-s_rint.o)
 .ARM.attributes
                0x00000000000007f7       0x34 /usr/lib/gcc/arm-none-eabi/4.9.3/../../../arm-none-eabi/lib/armv7e-m/fpu/libm.a(lib_a-s_scalbn.o)
 .ARM.attributes
                0x000000000000082b       0x34 /usr/lib/gcc/arm-none-eabi/4.9.3/../../../arm-none-eabi/lib/armv7e-m/fpu/libm.a(lib_a-sf_fabs.o)
 .ARM.attributes
                0x000000000000085f       0x34 /usr/lib/gcc/arm-none-eabi/4.9.3/../../../arm-none-eabi/lib/armv7e-m/fpu/libm.a(lib_a-sf_finite.o)
 .ARM.attributes
                0x0000000000000893       0x34 /usr/lib/gcc/arm-none-eabi/4.9.3/../../../arm-none-eabi/lib/armv7e-m/fpu/libm.a(lib_a-sf_fpclassify.o)
 .ARM.attributes
                0x00000000000008c7       0x34 /usr/lib/gcc/arm-none-eabi/4.9.3/../../../arm-none-eabi/lib/armv7e-m/fpu/libm.a(lib_a-sf_nan.o)
 .ARM.attributes
                0x00000000000008fb       0x34 /usr/lib/gcc/arm-none-eabi/4.9.3/../../../arm-none-eabi/lib/armv7e-m/fpu/libm.a(lib_a-sf_scalbn.o)
 .ARM.attributes
                0x000000000000092f       0x34 /usr/lib/gcc/arm-none-eabi/4.9.3/../../../arm-none-eabi/lib/armv7e-m/fpu/libm.a(lib_a-s_copysign.o)
 .ARM.attributes
                0x0000000000000963       0x34 /usr/lib/gcc/arm-none-eabi/4.9.3/../../../arm-none-eabi/lib/armv7e-m/fpu/libm.a(lib_a-sf_copysign.o)
 .ARM.attributes
                0x0000000000000997       0x22 /usr/lib/gcc/arm-none-eabi/4.9.3/armv7e-m/fpu/libgcc.a(_arm_addsubdf3.o)
 .ARM.attributes
                0x00000000000009b9       0x22 /usr/lib/gcc/arm-none-eabi/4.9.3/armv7e-m/fpu/libgcc.a(_arm_muldivdf3.o)
 .ARM.attributes
                0x00000000000009db       0x22 /usr/lib/gcc/arm-none-eabi/4.9.3/armv7e-m/fpu/libgcc.a(_arm_cmpdf2.o)
 .ARM.attributes
                0x00000000000009fd       0x22 /usr/lib/gcc/arm-none-eabi/4.9.3/armv7e-m/fpu/libgcc.a(_arm_truncdfsf2.o)
 .ARM.attributes
                0x0000000000000a1f       0x34 /usr/lib/gcc/arm-none-eabi/4.9.3/../../../arm-none-eabi/lib/armv7e-m/fpu/libc.a(lib_a-atexit.o)
 .ARM.attributes
                0x0000000000000a53       0x34 /usr/lib/gcc/arm-none-eabi/4.9.3/../../../arm-none-eabi/lib/armv7e-m/fpu/libc.a(lib_a-fini.o)
 .ARM.attributes
                0x0000000000000a87       0x34 /usr/lib/gcc/arm-none-eabi/4.9.3/../../../arm-none-eabi/lib/armv7e-m/fpu/libc.a(lib_a-impure.o)
 .ARM.attributes
                0x0000000000000abb       0x34 /usr/lib/gcc/arm-none-eabi/4.9.3/../../../arm-none-eabi/lib/armv7e-m/fpu/libc.a(lib_a-init.o)
 .ARM.attributes
                0x0000000000000aef       0x34 /usr/lib/gcc/arm-none-eabi/4.9.3/../../../arm-none-eabi/lib/armv7e-m/fpu/libc.a(lib_a-malloc.o)
 .ARM.attributes
                0x0000000000000b23       0x34 /usr/lib/gcc/arm-none-eabi/4.9.3/../../../arm-none-eabi/lib/armv7e-m/fpu/libc.a(lib_a-mallocr.o)
 .ARM.attributes
                0x0000000000000b57       0x20 /usr/lib/gcc/arm-none-eabi/4.9.3/../../../arm-none-eabi/lib/armv7e-m/fpu/libc.a(lib_a-memcpy.o)
 .ARM.attributes
                0x0000000000000b77       0x34 /usr/lib/gcc/arm-none-eabi/4.9.3/../../../arm-none-eabi/lib/armv7e-m/fpu/libc.a(lib_a-mlock.o)
 .ARM.attributes
                0x0000000000000bab       0x34 /usr/lib/gcc/arm-none-eabi/4.9.3/../../../arm-none-eabi/lib/armv7e-m/fpu/libc.a(lib_a-sbrkr.o)
 .ARM.attributes
                0x0000000000000bdf       0x34 /usr/lib/gcc/arm-none-eabi/4.9.3/../../../arm-none-eabi/lib/armv7e-m/fpu/libc.a(lib_a-__atexit.o)
 .ARM.attributes
                0x0000000000000c13       0x34 /usr/lib/gcc/arm-none-eabi/4.9.3/../../../arm-none-eabi/lib/armv7e-m/fpu/libc.a(lib_a-__call_atexit.o)
 .ARM.attributes
                0x0000000000000c47       0x34 /usr/lib/gcc/arm-none-eabi/4.9.3/../../../arm-none-eabi/lib/armv7e-m/fpu/libc.a(lib_a-freer.o)
 .ARM.attributes
                0x0000000000000c7b       0x34 /usr/lib/gcc/arm-none-eabi/4.9.3/../../../arm-none-eabi/lib/armv7e-m/fpu/libc.a(lib_a-reent.o)
 .ARM.attributes
                0x0000000000000caf       0x34 /usr/lib/gcc/arm-none-eabi/4.9.3/armv7e-m/fpu/crtend.o
 .ARM.attributes
                0x0000000000000ce3       0x22 /usr/lib/gcc/arm-none-eabi/4.9.3/armv7e-m/fpu/crtn.o
OUTPUT(build/stm32f4_template_project.elf elf32-littlearm)

.comment        0x0000000000000000       0x70
 .comment       0x0000000000000000       0x38 /usr/lib/gcc/arm-none-eabi/4.9.3/armv7e-m/fpu/crtbegin.o
                                         0x39 (size before relaxing)
 .comment       0x0000000000000038       0x39 build/src/gimbal_mpu6050.o
 .comment       0x0000000000000038       0x39 build/src/gimbal_proc.o
 .comment       0x0000000000000038       0x39 build/src/gimbal_filter.o
 .comment       0x0000000000000038       0x39 build/src/gimbal_usart.o
 .comment       0x0000000000000038       0x39 build/src/syscalls.o
 .comment       0x0000000000000038       0x39 build/src/gimbal_ctr.o
 .comment       0x0000000000000038       0x39 build/src/gimbal_tim.o
 .comment       0x0000000000000038       0x39 build/src/main.o
 .comment       0x0000000000000038       0x39 build/src/stm32f4xx_it.o
 .comment       0x0000000000000038       0x39 build/src/system_stm32f4xx.o
 .comment       0x0000000000000038       0x39 build/lib/FreeRTOS/list.o
 .comment       0x0000000000000038       0x39 build/lib/FreeRTOS/tasks.o
 .comment       0x0000000000000038       0x39 build/lib/FreeRTOS/portable/port.o
 .comment       0x0000000000000038       0x39 build/lib/STM32F4xx_StdPeriph_Driver/src/stm32f4xx_gpio.o
 .comment       0x0000000000000038       0x39 build/lib/STM32F4xx_StdPeriph_Driver/src/stm32f4xx_dma.o
 .comment       0x0000000000000038       0x39 build/lib/STM32F4xx_StdPeriph_Driver/src/stm32f4xx_i2c.o
 .comment       0x0000000000000038       0x39 build/lib/STM32F4xx_StdPeriph_Driver/src/stm32f4xx_rcc.o
 .comment       0x0000000000000038       0x39 build/lib/STM32F4xx_StdPeriph_Driver/src/misc.o
 .comment       0x0000000000000038       0x39 build/lib/STM32F4xx_StdPeriph_Driver/src/stm32f4xx_usart.o
 .comment       0x0000000000000038       0x39 build/lib/STM32F4xx_StdPeriph_Driver/src/stm32f4xx_tim.o
 .comment       0x0000000000000038       0x38 /usr/lib/gcc/arm-none-eabi/4.9.3/../../../arm-none-eabi/lib/armv7e-m/fpu/libm.a(lib_a-s_atan.o)
                                         0x39 (size before relaxing)
 .comment       0x0000000000000070       0x39 /usr/lib/gcc/arm-none-eabi/4.9.3/../../../arm-none-eabi/lib/armv7e-m/fpu/libm.a(lib_a-s_fabs.o)
 .comment       0x0000000000000070       0x39 /usr/lib/gcc/arm-none-eabi/4.9.3/../../../arm-none-eabi/lib/armv7e-m/fpu/libm.a(lib_a-w_pow.o)
 .comment       0x0000000000000070       0x39 /usr/lib/gcc/arm-none-eabi/4.9.3/../../../arm-none-eabi/lib/armv7e-m/fpu/libm.a(lib_a-w_sqrt.o)
 .comment       0x0000000000000070       0x39 /usr/lib/gcc/arm-none-eabi/4.9.3/../../../arm-none-eabi/lib/armv7e-m/fpu/libm.a(lib_a-wf_pow.o)
 .comment       0x0000000000000070       0x39 /usr/lib/gcc/arm-none-eabi/4.9.3/../../../arm-none-eabi/lib/armv7e-m/fpu/libm.a(lib_a-e_pow.o)
 .comment       0x0000000000000070       0x39 /usr/lib/gcc/arm-none-eabi/4.9.3/../../../arm-none-eabi/lib/armv7e-m/fpu/libm.a(lib_a-e_sqrt.o)
 .comment       0x0000000000000070       0x39 /usr/lib/gcc/arm-none-eabi/4.9.3/../../../arm-none-eabi/lib/armv7e-m/fpu/libm.a(lib_a-ef_pow.o)
 .comment       0x0000000000000070       0x39 /usr/lib/gcc/arm-none-eabi/4.9.3/../../../arm-none-eabi/lib/armv7e-m/fpu/libm.a(lib_a-ef_sqrt.o)
 .comment       0x0000000000000070       0x39 /usr/lib/gcc/arm-none-eabi/4.9.3/../../../arm-none-eabi/lib/armv7e-m/fpu/libm.a(lib_a-s_finite.o)
 .comment       0x0000000000000070       0x39 /usr/lib/gcc/arm-none-eabi/4.9.3/../../../arm-none-eabi/lib/armv7e-m/fpu/libm.a(lib_a-s_fpclassify.o)
 .comment       0x0000000000000070       0x39 /usr/lib/gcc/arm-none-eabi/4.9.3/../../../arm-none-eabi/lib/armv7e-m/fpu/libm.a(lib_a-s_lib_ver.o)
 .comment       0x0000000000000070       0x39 /usr/lib/gcc/arm-none-eabi/4.9.3/../../../arm-none-eabi/lib/armv7e-m/fpu/libm.a(lib_a-s_matherr.o)
 .comment       0x0000000000000070       0x39 /usr/lib/gcc/arm-none-eabi/4.9.3/../../../arm-none-eabi/lib/armv7e-m/fpu/libm.a(lib_a-s_nan.o)
 .comment       0x0000000000000070       0x39 /usr/lib/gcc/arm-none-eabi/4.9.3/../../../arm-none-eabi/lib/armv7e-m/fpu/libm.a(lib_a-s_rint.o)
 .comment       0x0000000000000070       0x39 /usr/lib/gcc/arm-none-eabi/4.9.3/../../../arm-none-eabi/lib/armv7e-m/fpu/libm.a(lib_a-s_scalbn.o)
 .comment       0x0000000000000070       0x39 /usr/lib/gcc/arm-none-eabi/4.9.3/../../../arm-none-eabi/lib/armv7e-m/fpu/libm.a(lib_a-sf_fabs.o)
 .comment       0x0000000000000070       0x39 /usr/lib/gcc/arm-none-eabi/4.9.3/../../../arm-none-eabi/lib/armv7e-m/fpu/libm.a(lib_a-sf_finite.o)
 .comment       0x0000000000000070       0x39 /usr/lib/gcc/arm-none-eabi/4.9.3/../../../arm-none-eabi/lib/armv7e-m/fpu/libm.a(lib_a-sf_fpclassify.o)
 .comment       0x0000000000000070       0x39 /usr/lib/gcc/arm-none-eabi/4.9.3/../../../arm-none-eabi/lib/armv7e-m/fpu/libm.a(lib_a-sf_nan.o)
 .comment       0x0000000000000070       0x39 /usr/lib/gcc/arm-none-eabi/4.9.3/../../../arm-none-eabi/lib/armv7e-m/fpu/libm.a(lib_a-sf_scalbn.o)
 .comment       0x0000000000000070       0x39 /usr/lib/gcc/arm-none-eabi/4.9.3/../../../arm-none-eabi/lib/armv7e-m/fpu/libm.a(lib_a-s_copysign.o)
 .comment       0x0000000000000070       0x39 /usr/lib/gcc/arm-none-eabi/4.9.3/../../../arm-none-eabi/lib/armv7e-m/fpu/libm.a(lib_a-sf_copysign.o)
 .comment       0x0000000000000070       0x39 /usr/lib/gcc/arm-none-eabi/4.9.3/../../../arm-none-eabi/lib/armv7e-m/fpu/libc.a(lib_a-atexit.o)
 .comment       0x0000000000000070       0x39 /usr/lib/gcc/arm-none-eabi/4.9.3/../../../arm-none-eabi/lib/armv7e-m/fpu/libc.a(lib_a-fini.o)
 .comment       0x0000000000000070       0x39 /usr/lib/gcc/arm-none-eabi/4.9.3/../../../arm-none-eabi/lib/armv7e-m/fpu/libc.a(lib_a-impure.o)
 .comment       0x0000000000000070       0x39 /usr/lib/gcc/arm-none-eabi/4.9.3/../../../arm-none-eabi/lib/armv7e-m/fpu/libc.a(lib_a-init.o)
 .comment       0x0000000000000070       0x39 /usr/lib/gcc/arm-none-eabi/4.9.3/../../../arm-none-eabi/lib/armv7e-m/fpu/libc.a(lib_a-malloc.o)
 .comment       0x0000000000000070       0x39 /usr/lib/gcc/arm-none-eabi/4.9.3/../../../arm-none-eabi/lib/armv7e-m/fpu/libc.a(lib_a-mallocr.o)
 .comment       0x0000000000000070       0x39 /usr/lib/gcc/arm-none-eabi/4.9.3/../../../arm-none-eabi/lib/armv7e-m/fpu/libc.a(lib_a-mlock.o)
 .comment       0x0000000000000070       0x39 /usr/lib/gcc/arm-none-eabi/4.9.3/../../../arm-none-eabi/lib/armv7e-m/fpu/libc.a(lib_a-sbrkr.o)
 .comment       0x0000000000000070       0x39 /usr/lib/gcc/arm-none-eabi/4.9.3/../../../arm-none-eabi/lib/armv7e-m/fpu/libc.a(lib_a-__atexit.o)
 .comment       0x0000000000000070       0x39 /usr/lib/gcc/arm-none-eabi/4.9.3/../../../arm-none-eabi/lib/armv7e-m/fpu/libc.a(lib_a-__call_atexit.o)
 .comment       0x0000000000000070       0x39 /usr/lib/gcc/arm-none-eabi/4.9.3/../../../arm-none-eabi/lib/armv7e-m/fpu/libc.a(lib_a-freer.o)
 .comment       0x0000000000000070       0x39 /usr/lib/gcc/arm-none-eabi/4.9.3/../../../arm-none-eabi/lib/armv7e-m/fpu/libc.a(lib_a-reent.o)
 .comment       0x0000000000000070       0x39 /usr/lib/gcc/arm-none-eabi/4.9.3/armv7e-m/fpu/crtend.o

.debug_info     0x0000000000000000    0x149ca
 .debug_info    0x0000000000000000      0xddf build/src/gimbal_mpu6050.o
 .debug_info    0x0000000000000ddf      0x726 build/src/gimbal_proc.o
 .debug_info    0x0000000000001505      0x398 build/src/gimbal_filter.o
 .debug_info    0x000000000000189d      0x8fb build/src/gimbal_usart.o
 .debug_info    0x0000000000002198      0x660 build/src/syscalls.o
 .debug_info    0x00000000000027f8      0x394 build/src/gimbal_ctr.o
 .debug_info    0x0000000000002b8c      0xbea build/src/gimbal_tim.o
 .debug_info    0x0000000000003776      0x383 build/src/main.o
 .debug_info    0x0000000000003af9       0x90 build/src/stm32f4xx_it.o
 .debug_info    0x0000000000003b89      0x5de build/src/system_stm32f4xx.o
 .debug_info    0x0000000000004167      0x2a1 build/lib/FreeRTOS/list.o
 .debug_info    0x0000000000004408     0x1cbf build/lib/FreeRTOS/tasks.o
 .debug_info    0x00000000000060c7      0x533 build/lib/FreeRTOS/portable/port.o
 .debug_info    0x00000000000065fa      0x60d build/lib/STM32F4xx_StdPeriph_Driver/src/stm32f4xx_gpio.o
 .debug_info    0x0000000000006c07      0x741 build/lib/STM32F4xx_StdPeriph_Driver/src/stm32f4xx_dma.o
 .debug_info    0x0000000000007348      0xb8f build/lib/STM32F4xx_StdPeriph_Driver/src/stm32f4xx_i2c.o
 .debug_info    0x0000000000007ed7      0xe4a build/lib/STM32F4xx_StdPeriph_Driver/src/stm32f4xx_rcc.o
 .debug_info    0x0000000000008d21      0x545 build/lib/STM32F4xx_StdPeriph_Driver/src/misc.o
 .debug_info    0x0000000000009266      0x9ca build/lib/STM32F4xx_StdPeriph_Driver/src/stm32f4xx_usart.o
 .debug_info    0x0000000000009c30     0x1c69 build/lib/STM32F4xx_StdPeriph_Driver/src/stm32f4xx_tim.o
 .debug_info    0x000000000000b899       0x7b build/lib/CMSIS/Device/Source/startup_stm32f407xx.o
 .debug_info    0x000000000000b914      0x2ab /usr/lib/gcc/arm-none-eabi/4.9.3/../../../arm-none-eabi/lib/armv7e-m/fpu/libm.a(lib_a-s_atan.o)
 .debug_info    0x000000000000bbbf      0x13a /usr/lib/gcc/arm-none-eabi/4.9.3/../../../arm-none-eabi/lib/armv7e-m/fpu/libm.a(lib_a-s_fabs.o)
 .debug_info    0x000000000000bcf9      0x3b1 /usr/lib/gcc/arm-none-eabi/4.9.3/../../../arm-none-eabi/lib/armv7e-m/fpu/libm.a(lib_a-w_pow.o)
 .debug_info    0x000000000000c0aa      0x21b /usr/lib/gcc/arm-none-eabi/4.9.3/../../../arm-none-eabi/lib/armv7e-m/fpu/libm.a(lib_a-w_sqrt.o)
 .debug_info    0x000000000000c2c5      0x370 /usr/lib/gcc/arm-none-eabi/4.9.3/../../../arm-none-eabi/lib/armv7e-m/fpu/libm.a(lib_a-wf_pow.o)
 .debug_info    0x000000000000c635      0x775 /usr/lib/gcc/arm-none-eabi/4.9.3/../../../arm-none-eabi/lib/armv7e-m/fpu/libm.a(lib_a-e_pow.o)
 .debug_info    0x000000000000cdaa      0x231 /usr/lib/gcc/arm-none-eabi/4.9.3/../../../arm-none-eabi/lib/armv7e-m/fpu/libm.a(lib_a-e_sqrt.o)
 .debug_info    0x000000000000cfdb      0x6e2 /usr/lib/gcc/arm-none-eabi/4.9.3/../../../arm-none-eabi/lib/armv7e-m/fpu/libm.a(lib_a-ef_pow.o)
 .debug_info    0x000000000000d6bd      0x1c8 /usr/lib/gcc/arm-none-eabi/4.9.3/../../../arm-none-eabi/lib/armv7e-m/fpu/libm.a(lib_a-ef_sqrt.o)
 .debug_info    0x000000000000d885       0xd8 /usr/lib/gcc/arm-none-eabi/4.9.3/../../../arm-none-eabi/lib/armv7e-m/fpu/libm.a(lib_a-s_finite.o)
 .debug_info    0x000000000000d95d       0xde /usr/lib/gcc/arm-none-eabi/4.9.3/../../../arm-none-eabi/lib/armv7e-m/fpu/libm.a(lib_a-s_fpclassify.o)
 .debug_info    0x000000000000da3b       0xbe /usr/lib/gcc/arm-none-eabi/4.9.3/../../../arm-none-eabi/lib/armv7e-m/fpu/libm.a(lib_a-s_lib_ver.o)
 .debug_info    0x000000000000daf9      0x129 /usr/lib/gcc/arm-none-eabi/4.9.3/../../../arm-none-eabi/lib/armv7e-m/fpu/libm.a(lib_a-s_matherr.o)
 .debug_info    0x000000000000dc22       0xd0 /usr/lib/gcc/arm-none-eabi/4.9.3/../../../arm-none-eabi/lib/armv7e-m/fpu/libm.a(lib_a-s_nan.o)
 .debug_info    0x000000000000dcf2      0x204 /usr/lib/gcc/arm-none-eabi/4.9.3/../../../arm-none-eabi/lib/armv7e-m/fpu/libm.a(lib_a-s_rint.o)
 .debug_info    0x000000000000def6      0x254 /usr/lib/gcc/arm-none-eabi/4.9.3/../../../arm-none-eabi/lib/armv7e-m/fpu/libm.a(lib_a-s_scalbn.o)
 .debug_info    0x000000000000e14a       0xcc /usr/lib/gcc/arm-none-eabi/4.9.3/../../../arm-none-eabi/lib/armv7e-m/fpu/libm.a(lib_a-sf_fabs.o)
 .debug_info    0x000000000000e216       0xd2 /usr/lib/gcc/arm-none-eabi/4.9.3/../../../arm-none-eabi/lib/armv7e-m/fpu/libm.a(lib_a-sf_finite.o)
 .debug_info    0x000000000000e2e8       0xc8 /usr/lib/gcc/arm-none-eabi/4.9.3/../../../arm-none-eabi/lib/armv7e-m/fpu/libm.a(lib_a-sf_fpclassify.o)
 .debug_info    0x000000000000e3b0       0xcc /usr/lib/gcc/arm-none-eabi/4.9.3/../../../arm-none-eabi/lib/armv7e-m/fpu/libm.a(lib_a-sf_nan.o)
 .debug_info    0x000000000000e47c      0x221 /usr/lib/gcc/arm-none-eabi/4.9.3/../../../arm-none-eabi/lib/armv7e-m/fpu/libm.a(lib_a-sf_scalbn.o)
 .debug_info    0x000000000000e69d      0x156 /usr/lib/gcc/arm-none-eabi/4.9.3/../../../arm-none-eabi/lib/armv7e-m/fpu/libm.a(lib_a-s_copysign.o)
 .debug_info    0x000000000000e7f3      0x12c /usr/lib/gcc/arm-none-eabi/4.9.3/../../../arm-none-eabi/lib/armv7e-m/fpu/libm.a(lib_a-sf_copysign.o)
 .debug_info    0x000000000000e91f       0xc2 /usr/lib/gcc/arm-none-eabi/4.9.3/armv7e-m/fpu/libgcc.a(_arm_addsubdf3.o)
 .debug_info    0x000000000000e9e1       0xc2 /usr/lib/gcc/arm-none-eabi/4.9.3/armv7e-m/fpu/libgcc.a(_arm_muldivdf3.o)
 .debug_info    0x000000000000eaa3       0xc2 /usr/lib/gcc/arm-none-eabi/4.9.3/armv7e-m/fpu/libgcc.a(_arm_cmpdf2.o)
 .debug_info    0x000000000000eb65       0xc2 /usr/lib/gcc/arm-none-eabi/4.9.3/armv7e-m/fpu/libgcc.a(_arm_truncdfsf2.o)
 .debug_info    0x000000000000ec27      0x10a /usr/lib/gcc/arm-none-eabi/4.9.3/../../../arm-none-eabi/lib/armv7e-m/fpu/libc.a(lib_a-atexit.o)
 .debug_info    0x000000000000ed31       0xef /usr/lib/gcc/arm-none-eabi/4.9.3/../../../arm-none-eabi/lib/armv7e-m/fpu/libc.a(lib_a-fini.o)
 .debug_info    0x000000000000ee20      0x894 /usr/lib/gcc/arm-none-eabi/4.9.3/../../../arm-none-eabi/lib/armv7e-m/fpu/libc.a(lib_a-impure.o)
 .debug_info    0x000000000000f6b4      0x105 /usr/lib/gcc/arm-none-eabi/4.9.3/../../../arm-none-eabi/lib/armv7e-m/fpu/libc.a(lib_a-init.o)
 .debug_info    0x000000000000f7b9      0x915 /usr/lib/gcc/arm-none-eabi/4.9.3/../../../arm-none-eabi/lib/armv7e-m/fpu/libc.a(lib_a-malloc.o)
 .debug_info    0x00000000000100ce      0xd8b /usr/lib/gcc/arm-none-eabi/4.9.3/../../../arm-none-eabi/lib/armv7e-m/fpu/libc.a(lib_a-mallocr.o)
 .debug_info    0x0000000000010e59       0xd5 /usr/lib/gcc/arm-none-eabi/4.9.3/../../../arm-none-eabi/lib/armv7e-m/fpu/libc.a(lib_a-memcpy.o)
 .debug_info    0x0000000000010f2e      0x8b4 /usr/lib/gcc/arm-none-eabi/4.9.3/../../../arm-none-eabi/lib/armv7e-m/fpu/libc.a(lib_a-mlock.o)
 .debug_info    0x00000000000117e2      0x8f4 /usr/lib/gcc/arm-none-eabi/4.9.3/../../../arm-none-eabi/lib/armv7e-m/fpu/libc.a(lib_a-sbrkr.o)
 .debug_info    0x00000000000120d6      0x934 /usr/lib/gcc/arm-none-eabi/4.9.3/../../../arm-none-eabi/lib/armv7e-m/fpu/libc.a(lib_a-__atexit.o)
 .debug_info    0x0000000000012a0a      0x9a9 /usr/lib/gcc/arm-none-eabi/4.9.3/../../../arm-none-eabi/lib/armv7e-m/fpu/libc.a(lib_a-__call_atexit.o)
 .debug_info    0x00000000000133b3      0xc1c /usr/lib/gcc/arm-none-eabi/4.9.3/../../../arm-none-eabi/lib/armv7e-m/fpu/libc.a(lib_a-freer.o)
 .debug_info    0x0000000000013fcf      0x9fb /usr/lib/gcc/arm-none-eabi/4.9.3/../../../arm-none-eabi/lib/armv7e-m/fpu/libc.a(lib_a-reent.o)

.debug_abbrev   0x0000000000000000     0x45e8
 .debug_abbrev  0x0000000000000000      0x244 build/src/gimbal_mpu6050.o
 .debug_abbrev  0x0000000000000244      0x144 build/src/gimbal_proc.o
 .debug_abbrev  0x0000000000000388       0xbf build/src/gimbal_filter.o
 .debug_abbrev  0x0000000000000447      0x16a build/src/gimbal_usart.o
 .debug_abbrev  0x00000000000005b1      0x174 build/src/syscalls.o
 .debug_abbrev  0x0000000000000725       0xc4 build/src/gimbal_ctr.o
 .debug_abbrev  0x00000000000007e9      0x1f8 build/src/gimbal_tim.o
 .debug_abbrev  0x00000000000009e1       0xae build/src/main.o
 .debug_abbrev  0x0000000000000a8f       0x2f build/src/stm32f4xx_it.o
 .debug_abbrev  0x0000000000000abe      0x13b build/src/system_stm32f4xx.o
 .debug_abbrev  0x0000000000000bf9       0xc1 build/lib/FreeRTOS/list.o
 .debug_abbrev  0x0000000000000cba      0x281 build/lib/FreeRTOS/tasks.o
 .debug_abbrev  0x0000000000000f3b      0x1d1 build/lib/FreeRTOS/portable/port.o
 .debug_abbrev  0x000000000000110c      0x1a8 build/lib/STM32F4xx_StdPeriph_Driver/src/stm32f4xx_gpio.o
 .debug_abbrev  0x00000000000012b4      0x15a build/lib/STM32F4xx_StdPeriph_Driver/src/stm32f4xx_dma.o
 .debug_abbrev  0x000000000000140e      0x169 build/lib/STM32F4xx_StdPeriph_Driver/src/stm32f4xx_i2c.o
 .debug_abbrev  0x0000000000001577      0x1bf build/lib/STM32F4xx_StdPeriph_Driver/src/stm32f4xx_rcc.o
 .debug_abbrev  0x0000000000001736      0x14a build/lib/STM32F4xx_StdPeriph_Driver/src/misc.o
 .debug_abbrev  0x0000000000001880      0x15a build/lib/STM32F4xx_StdPeriph_Driver/src/stm32f4xx_usart.o
 .debug_abbrev  0x00000000000019da      0x18c build/lib/STM32F4xx_StdPeriph_Driver/src/stm32f4xx_tim.o
 .debug_abbrev  0x0000000000001b66       0x12 build/lib/CMSIS/Device/Source/startup_stm32f407xx.o
 .debug_abbrev  0x0000000000001b78      0x140 /usr/lib/gcc/arm-none-eabi/4.9.3/../../../arm-none-eabi/lib/armv7e-m/fpu/libm.a(lib_a-s_atan.o)
 .debug_abbrev  0x0000000000001cb8       0xca /usr/lib/gcc/arm-none-eabi/4.9.3/../../../arm-none-eabi/lib/armv7e-m/fpu/libm.a(lib_a-s_fabs.o)
 .debug_abbrev  0x0000000000001d82      0x158 /usr/lib/gcc/arm-none-eabi/4.9.3/../../../arm-none-eabi/lib/armv7e-m/fpu/libm.a(lib_a-w_pow.o)
 .debug_abbrev  0x0000000000001eda      0x13a /usr/lib/gcc/arm-none-eabi/4.9.3/../../../arm-none-eabi/lib/armv7e-m/fpu/libm.a(lib_a-w_sqrt.o)
 .debug_abbrev  0x0000000000002014      0x158 /usr/lib/gcc/arm-none-eabi/4.9.3/../../../arm-none-eabi/lib/armv7e-m/fpu/libm.a(lib_a-wf_pow.o)
 .debug_abbrev  0x000000000000216c      0x1dd /usr/lib/gcc/arm-none-eabi/4.9.3/../../../arm-none-eabi/lib/armv7e-m/fpu/libm.a(lib_a-e_pow.o)
 .debug_abbrev  0x0000000000002349      0x118 /usr/lib/gcc/arm-none-eabi/4.9.3/../../../arm-none-eabi/lib/armv7e-m/fpu/libm.a(lib_a-e_sqrt.o)
 .debug_abbrev  0x0000000000002461      0x1c2 /usr/lib/gcc/arm-none-eabi/4.9.3/../../../arm-none-eabi/lib/armv7e-m/fpu/libm.a(lib_a-ef_pow.o)
 .debug_abbrev  0x0000000000002623       0xed /usr/lib/gcc/arm-none-eabi/4.9.3/../../../arm-none-eabi/lib/armv7e-m/fpu/libm.a(lib_a-ef_sqrt.o)
 .debug_abbrev  0x0000000000002710       0x6d /usr/lib/gcc/arm-none-eabi/4.9.3/../../../arm-none-eabi/lib/armv7e-m/fpu/libm.a(lib_a-s_finite.o)
 .debug_abbrev  0x000000000000277d       0x6f /usr/lib/gcc/arm-none-eabi/4.9.3/../../../arm-none-eabi/lib/armv7e-m/fpu/libm.a(lib_a-s_fpclassify.o)
 .debug_abbrev  0x00000000000027ec       0x4f /usr/lib/gcc/arm-none-eabi/4.9.3/../../../arm-none-eabi/lib/armv7e-m/fpu/libm.a(lib_a-s_lib_ver.o)
 .debug_abbrev  0x000000000000283b       0x9a /usr/lib/gcc/arm-none-eabi/4.9.3/../../../arm-none-eabi/lib/armv7e-m/fpu/libm.a(lib_a-s_matherr.o)
 .debug_abbrev  0x00000000000028d5       0x72 /usr/lib/gcc/arm-none-eabi/4.9.3/../../../arm-none-eabi/lib/armv7e-m/fpu/libm.a(lib_a-s_nan.o)
 .debug_abbrev  0x0000000000002947      0x120 /usr/lib/gcc/arm-none-eabi/4.9.3/../../../arm-none-eabi/lib/armv7e-m/fpu/libm.a(lib_a-s_rint.o)
 .debug_abbrev  0x0000000000002a67      0x138 /usr/lib/gcc/arm-none-eabi/4.9.3/../../../arm-none-eabi/lib/armv7e-m/fpu/libm.a(lib_a-s_scalbn.o)
 .debug_abbrev  0x0000000000002b9f       0x6f /usr/lib/gcc/arm-none-eabi/4.9.3/../../../arm-none-eabi/lib/armv7e-m/fpu/libm.a(lib_a-sf_fabs.o)
 .debug_abbrev  0x0000000000002c0e       0x6f /usr/lib/gcc/arm-none-eabi/4.9.3/../../../arm-none-eabi/lib/armv7e-m/fpu/libm.a(lib_a-sf_finite.o)
 .debug_abbrev  0x0000000000002c7d       0x6f /usr/lib/gcc/arm-none-eabi/4.9.3/../../../arm-none-eabi/lib/armv7e-m/fpu/libm.a(lib_a-sf_fpclassify.o)
 .debug_abbrev  0x0000000000002cec       0x72 /usr/lib/gcc/arm-none-eabi/4.9.3/../../../arm-none-eabi/lib/armv7e-m/fpu/libm.a(lib_a-sf_nan.o)
 .debug_abbrev  0x0000000000002d5e      0x11c /usr/lib/gcc/arm-none-eabi/4.9.3/../../../arm-none-eabi/lib/armv7e-m/fpu/libm.a(lib_a-sf_scalbn.o)
 .debug_abbrev  0x0000000000002e7a       0xe6 /usr/lib/gcc/arm-none-eabi/4.9.3/../../../arm-none-eabi/lib/armv7e-m/fpu/libm.a(lib_a-s_copysign.o)
 .debug_abbrev  0x0000000000002f60       0xcc /usr/lib/gcc/arm-none-eabi/4.9.3/../../../arm-none-eabi/lib/armv7e-m/fpu/libm.a(lib_a-sf_copysign.o)
 .debug_abbrev  0x000000000000302c       0x14 /usr/lib/gcc/arm-none-eabi/4.9.3/armv7e-m/fpu/libgcc.a(_arm_addsubdf3.o)
 .debug_abbrev  0x0000000000003040       0x14 /usr/lib/gcc/arm-none-eabi/4.9.3/armv7e-m/fpu/libgcc.a(_arm_muldivdf3.o)
 .debug_abbrev  0x0000000000003054       0x14 /usr/lib/gcc/arm-none-eabi/4.9.3/armv7e-m/fpu/libgcc.a(_arm_cmpdf2.o)
 .debug_abbrev  0x0000000000003068       0x14 /usr/lib/gcc/arm-none-eabi/4.9.3/armv7e-m/fpu/libgcc.a(_arm_truncdfsf2.o)
 .debug_abbrev  0x000000000000307c       0xb8 /usr/lib/gcc/arm-none-eabi/4.9.3/../../../arm-none-eabi/lib/armv7e-m/fpu/libc.a(lib_a-atexit.o)
 .debug_abbrev  0x0000000000003134       0xbd /usr/lib/gcc/arm-none-eabi/4.9.3/../../../arm-none-eabi/lib/armv7e-m/fpu/libc.a(lib_a-fini.o)
 .debug_abbrev  0x00000000000031f1      0x180 /usr/lib/gcc/arm-none-eabi/4.9.3/../../../arm-none-eabi/lib/armv7e-m/fpu/libc.a(lib_a-impure.o)
 .debug_abbrev  0x0000000000003371       0xba /usr/lib/gcc/arm-none-eabi/4.9.3/../../../arm-none-eabi/lib/armv7e-m/fpu/libc.a(lib_a-init.o)
 .debug_abbrev  0x000000000000342b      0x1fa /usr/lib/gcc/arm-none-eabi/4.9.3/../../../arm-none-eabi/lib/armv7e-m/fpu/libc.a(lib_a-malloc.o)
 .debug_abbrev  0x0000000000003625      0x2ad /usr/lib/gcc/arm-none-eabi/4.9.3/../../../arm-none-eabi/lib/armv7e-m/fpu/libc.a(lib_a-mallocr.o)
 .debug_abbrev  0x00000000000038d2       0x14 /usr/lib/gcc/arm-none-eabi/4.9.3/../../../arm-none-eabi/lib/armv7e-m/fpu/libc.a(lib_a-memcpy.o)
 .debug_abbrev  0x00000000000038e6      0x19a /usr/lib/gcc/arm-none-eabi/4.9.3/../../../arm-none-eabi/lib/armv7e-m/fpu/libc.a(lib_a-mlock.o)
 .debug_abbrev  0x0000000000003a80      0x1fd /usr/lib/gcc/arm-none-eabi/4.9.3/../../../arm-none-eabi/lib/armv7e-m/fpu/libc.a(lib_a-sbrkr.o)
 .debug_abbrev  0x0000000000003c7d      0x20f /usr/lib/gcc/arm-none-eabi/4.9.3/../../../arm-none-eabi/lib/armv7e-m/fpu/libc.a(lib_a-__atexit.o)
 .debug_abbrev  0x0000000000003e8c      0x285 /usr/lib/gcc/arm-none-eabi/4.9.3/../../../arm-none-eabi/lib/armv7e-m/fpu/libc.a(lib_a-__call_atexit.o)
 .debug_abbrev  0x0000000000004111      0x27b /usr/lib/gcc/arm-none-eabi/4.9.3/../../../arm-none-eabi/lib/armv7e-m/fpu/libc.a(lib_a-freer.o)
 .debug_abbrev  0x000000000000438c      0x25c /usr/lib/gcc/arm-none-eabi/4.9.3/../../../arm-none-eabi/lib/armv7e-m/fpu/libc.a(lib_a-reent.o)

.debug_aranges  0x0000000000000000     0x1378
 .debug_aranges
                0x0000000000000000       0x88 build/src/gimbal_mpu6050.o
 .debug_aranges
                0x0000000000000088       0x68 build/src/gimbal_proc.o
 .debug_aranges
                0x00000000000000f0       0x20 build/src/gimbal_filter.o
 .debug_aranges
                0x0000000000000110       0x60 build/src/gimbal_usart.o
 .debug_aranges
                0x0000000000000170       0xb0 build/src/syscalls.o
 .debug_aranges
                0x0000000000000220       0x28 build/src/gimbal_ctr.o
 .debug_aranges
                0x0000000000000248       0x78 build/src/gimbal_tim.o
 .debug_aranges
                0x00000000000002c0       0x20 build/src/main.o
 .debug_aranges
                0x00000000000002e0       0x48 build/src/stm32f4xx_it.o
 .debug_aranges
                0x0000000000000328       0x30 build/src/system_stm32f4xx.o
 .debug_aranges
                0x0000000000000358       0x40 build/lib/FreeRTOS/list.o
 .debug_aranges
                0x0000000000000398      0x1c0 build/lib/FreeRTOS/tasks.o
 .debug_aranges
                0x0000000000000558       0x80 build/lib/FreeRTOS/portable/port.o
 .debug_aranges
                0x00000000000005d8       0x88 build/lib/STM32F4xx_StdPeriph_Driver/src/stm32f4xx_gpio.o
 .debug_aranges
                0x0000000000000660       0xb0 build/lib/STM32F4xx_StdPeriph_Driver/src/stm32f4xx_dma.o
 .debug_aranges
                0x0000000000000710      0x130 build/lib/STM32F4xx_StdPeriph_Driver/src/stm32f4xx_i2c.o
 .debug_aranges
                0x0000000000000840      0x1c0 build/lib/STM32F4xx_StdPeriph_Driver/src/stm32f4xx_rcc.o
 .debug_aranges
                0x0000000000000a00       0x40 build/lib/STM32F4xx_StdPeriph_Driver/src/misc.o
 .debug_aranges
                0x0000000000000a40      0x100 build/lib/STM32F4xx_StdPeriph_Driver/src/stm32f4xx_usart.o
 .debug_aranges
                0x0000000000000b40      0x2f8 build/lib/STM32F4xx_StdPeriph_Driver/src/stm32f4xx_tim.o
 .debug_aranges
                0x0000000000000e38       0x28 build/lib/CMSIS/Device/Source/startup_stm32f407xx.o
 .debug_aranges
                0x0000000000000e60       0x20 /usr/lib/gcc/arm-none-eabi/4.9.3/../../../arm-none-eabi/lib/armv7e-m/fpu/libm.a(lib_a-s_atan.o)
 .debug_aranges
                0x0000000000000e80       0x20 /usr/lib/gcc/arm-none-eabi/4.9.3/../../../arm-none-eabi/lib/armv7e-m/fpu/libm.a(lib_a-s_fabs.o)
 .debug_aranges
                0x0000000000000ea0       0x20 /usr/lib/gcc/arm-none-eabi/4.9.3/../../../arm-none-eabi/lib/armv7e-m/fpu/libm.a(lib_a-w_pow.o)
 .debug_aranges
                0x0000000000000ec0       0x20 /usr/lib/gcc/arm-none-eabi/4.9.3/../../../arm-none-eabi/lib/armv7e-m/fpu/libm.a(lib_a-w_sqrt.o)
 .debug_aranges
                0x0000000000000ee0       0x20 /usr/lib/gcc/arm-none-eabi/4.9.3/../../../arm-none-eabi/lib/armv7e-m/fpu/libm.a(lib_a-wf_pow.o)
 .debug_aranges
                0x0000000000000f00       0x20 /usr/lib/gcc/arm-none-eabi/4.9.3/../../../arm-none-eabi/lib/armv7e-m/fpu/libm.a(lib_a-e_pow.o)
 .debug_aranges
                0x0000000000000f20       0x20 /usr/lib/gcc/arm-none-eabi/4.9.3/../../../arm-none-eabi/lib/armv7e-m/fpu/libm.a(lib_a-e_sqrt.o)
 .debug_aranges
                0x0000000000000f40       0x20 /usr/lib/gcc/arm-none-eabi/4.9.3/../../../arm-none-eabi/lib/armv7e-m/fpu/libm.a(lib_a-ef_pow.o)
 .debug_aranges
                0x0000000000000f60       0x20 /usr/lib/gcc/arm-none-eabi/4.9.3/../../../arm-none-eabi/lib/armv7e-m/fpu/libm.a(lib_a-ef_sqrt.o)
 .debug_aranges
                0x0000000000000f80       0x20 /usr/lib/gcc/arm-none-eabi/4.9.3/../../../arm-none-eabi/lib/armv7e-m/fpu/libm.a(lib_a-s_finite.o)
 .debug_aranges
                0x0000000000000fa0       0x20 /usr/lib/gcc/arm-none-eabi/4.9.3/../../../arm-none-eabi/lib/armv7e-m/fpu/libm.a(lib_a-s_fpclassify.o)
 .debug_aranges
                0x0000000000000fc0       0x18 /usr/lib/gcc/arm-none-eabi/4.9.3/../../../arm-none-eabi/lib/armv7e-m/fpu/libm.a(lib_a-s_lib_ver.o)
 .debug_aranges
                0x0000000000000fd8       0x20 /usr/lib/gcc/arm-none-eabi/4.9.3/../../../arm-none-eabi/lib/armv7e-m/fpu/libm.a(lib_a-s_matherr.o)
 .debug_aranges
                0x0000000000000ff8       0x20 /usr/lib/gcc/arm-none-eabi/4.9.3/../../../arm-none-eabi/lib/armv7e-m/fpu/libm.a(lib_a-s_nan.o)
 .debug_aranges
                0x0000000000001018       0x20 /usr/lib/gcc/arm-none-eabi/4.9.3/../../../arm-none-eabi/lib/armv7e-m/fpu/libm.a(lib_a-s_rint.o)
 .debug_aranges
                0x0000000000001038       0x20 /usr/lib/gcc/arm-none-eabi/4.9.3/../../../arm-none-eabi/lib/armv7e-m/fpu/libm.a(lib_a-s_scalbn.o)
 .debug_aranges
                0x0000000000001058       0x20 /usr/lib/gcc/arm-none-eabi/4.9.3/../../../arm-none-eabi/lib/armv7e-m/fpu/libm.a(lib_a-sf_fabs.o)
 .debug_aranges
                0x0000000000001078       0x20 /usr/lib/gcc/arm-none-eabi/4.9.3/../../../arm-none-eabi/lib/armv7e-m/fpu/libm.a(lib_a-sf_finite.o)
 .debug_aranges
                0x0000000000001098       0x20 /usr/lib/gcc/arm-none-eabi/4.9.3/../../../arm-none-eabi/lib/armv7e-m/fpu/libm.a(lib_a-sf_fpclassify.o)
 .debug_aranges
                0x00000000000010b8       0x20 /usr/lib/gcc/arm-none-eabi/4.9.3/../../../arm-none-eabi/lib/armv7e-m/fpu/libm.a(lib_a-sf_nan.o)
 .debug_aranges
                0x00000000000010d8       0x20 /usr/lib/gcc/arm-none-eabi/4.9.3/../../../arm-none-eabi/lib/armv7e-m/fpu/libm.a(lib_a-sf_scalbn.o)
 .debug_aranges
                0x00000000000010f8       0x20 /usr/lib/gcc/arm-none-eabi/4.9.3/../../../arm-none-eabi/lib/armv7e-m/fpu/libm.a(lib_a-s_copysign.o)
 .debug_aranges
                0x0000000000001118       0x20 /usr/lib/gcc/arm-none-eabi/4.9.3/../../../arm-none-eabi/lib/armv7e-m/fpu/libm.a(lib_a-sf_copysign.o)
 .debug_aranges
                0x0000000000001138       0x20 /usr/lib/gcc/arm-none-eabi/4.9.3/armv7e-m/fpu/libgcc.a(_arm_addsubdf3.o)
 .debug_aranges
                0x0000000000001158       0x20 /usr/lib/gcc/arm-none-eabi/4.9.3/armv7e-m/fpu/libgcc.a(_arm_muldivdf3.o)
 .debug_aranges
                0x0000000000001178       0x20 /usr/lib/gcc/arm-none-eabi/4.9.3/armv7e-m/fpu/libgcc.a(_arm_cmpdf2.o)
 .debug_aranges
                0x0000000000001198       0x20 /usr/lib/gcc/arm-none-eabi/4.9.3/armv7e-m/fpu/libgcc.a(_arm_truncdfsf2.o)
 .debug_aranges
                0x00000000000011b8       0x20 /usr/lib/gcc/arm-none-eabi/4.9.3/../../../arm-none-eabi/lib/armv7e-m/fpu/libc.a(lib_a-atexit.o)
 .debug_aranges
                0x00000000000011d8       0x20 /usr/lib/gcc/arm-none-eabi/4.9.3/../../../arm-none-eabi/lib/armv7e-m/fpu/libc.a(lib_a-fini.o)
 .debug_aranges
                0x00000000000011f8       0x18 /usr/lib/gcc/arm-none-eabi/4.9.3/../../../arm-none-eabi/lib/armv7e-m/fpu/libc.a(lib_a-impure.o)
 .debug_aranges
                0x0000000000001210       0x20 /usr/lib/gcc/arm-none-eabi/4.9.3/../../../arm-none-eabi/lib/armv7e-m/fpu/libc.a(lib_a-init.o)
 .debug_aranges
                0x0000000000001230       0x28 /usr/lib/gcc/arm-none-eabi/4.9.3/../../../arm-none-eabi/lib/armv7e-m/fpu/libc.a(lib_a-malloc.o)
 .debug_aranges
                0x0000000000001258       0x20 /usr/lib/gcc/arm-none-eabi/4.9.3/../../../arm-none-eabi/lib/armv7e-m/fpu/libc.a(lib_a-mallocr.o)
 .debug_aranges
                0x0000000000001278       0x20 /usr/lib/gcc/arm-none-eabi/4.9.3/../../../arm-none-eabi/lib/armv7e-m/fpu/libc.a(lib_a-memcpy.o)
 .debug_aranges
                0x0000000000001298       0x28 /usr/lib/gcc/arm-none-eabi/4.9.3/../../../arm-none-eabi/lib/armv7e-m/fpu/libc.a(lib_a-mlock.o)
 .debug_aranges
                0x00000000000012c0       0x20 /usr/lib/gcc/arm-none-eabi/4.9.3/../../../arm-none-eabi/lib/armv7e-m/fpu/libc.a(lib_a-sbrkr.o)
 .debug_aranges
                0x00000000000012e0       0x20 /usr/lib/gcc/arm-none-eabi/4.9.3/../../../arm-none-eabi/lib/armv7e-m/fpu/libc.a(lib_a-__atexit.o)
 .debug_aranges
                0x0000000000001300       0x28 /usr/lib/gcc/arm-none-eabi/4.9.3/../../../arm-none-eabi/lib/armv7e-m/fpu/libc.a(lib_a-__call_atexit.o)
 .debug_aranges
                0x0000000000001328       0x28 /usr/lib/gcc/arm-none-eabi/4.9.3/../../../arm-none-eabi/lib/armv7e-m/fpu/libc.a(lib_a-freer.o)
 .debug_aranges
                0x0000000000001350       0x28 /usr/lib/gcc/arm-none-eabi/4.9.3/../../../arm-none-eabi/lib/armv7e-m/fpu/libc.a(lib_a-reent.o)

.debug_ranges   0x0000000000000000     0x11b8
 .debug_ranges  0x0000000000000000       0x78 build/src/gimbal_mpu6050.o
 .debug_ranges  0x0000000000000078       0x58 build/src/gimbal_proc.o
 .debug_ranges  0x00000000000000d0       0x10 build/src/gimbal_filter.o
 .debug_ranges  0x00000000000000e0       0x50 build/src/gimbal_usart.o
 .debug_ranges  0x0000000000000130       0xa0 build/src/syscalls.o
 .debug_ranges  0x00000000000001d0       0x18 build/src/gimbal_ctr.o
 .debug_ranges  0x00000000000001e8       0x68 build/src/gimbal_tim.o
 .debug_ranges  0x0000000000000250       0x10 build/src/main.o
 .debug_ranges  0x0000000000000260       0x38 build/src/stm32f4xx_it.o
 .debug_ranges  0x0000000000000298       0x20 build/src/system_stm32f4xx.o
 .debug_ranges  0x00000000000002b8       0x30 build/lib/FreeRTOS/list.o
 .debug_ranges  0x00000000000002e8      0x1b0 build/lib/FreeRTOS/tasks.o
 .debug_ranges  0x0000000000000498       0x70 build/lib/FreeRTOS/portable/port.o
 .debug_ranges  0x0000000000000508       0x78 build/lib/STM32F4xx_StdPeriph_Driver/src/stm32f4xx_gpio.o
 .debug_ranges  0x0000000000000580       0xa0 build/lib/STM32F4xx_StdPeriph_Driver/src/stm32f4xx_dma.o
 .debug_ranges  0x0000000000000620      0x120 build/lib/STM32F4xx_StdPeriph_Driver/src/stm32f4xx_i2c.o
 .debug_ranges  0x0000000000000740      0x1b0 build/lib/STM32F4xx_StdPeriph_Driver/src/stm32f4xx_rcc.o
 .debug_ranges  0x00000000000008f0       0x30 build/lib/STM32F4xx_StdPeriph_Driver/src/misc.o
 .debug_ranges  0x0000000000000920       0xf0 build/lib/STM32F4xx_StdPeriph_Driver/src/stm32f4xx_usart.o
 .debug_ranges  0x0000000000000a10      0x2e8 build/lib/STM32F4xx_StdPeriph_Driver/src/stm32f4xx_tim.o
 .debug_ranges  0x0000000000000cf8       0x20 build/lib/CMSIS/Device/Source/startup_stm32f407xx.o
 .debug_ranges  0x0000000000000d18       0x30 /usr/lib/gcc/arm-none-eabi/4.9.3/../../../arm-none-eabi/lib/armv7e-m/fpu/libm.a(lib_a-s_atan.o)
 .debug_ranges  0x0000000000000d48       0x10 /usr/lib/gcc/arm-none-eabi/4.9.3/../../../arm-none-eabi/lib/armv7e-m/fpu/libm.a(lib_a-s_fabs.o)